Archive member included to satisfy reference by file (symbol)

C:/ST/STM32CubeIDE_1.13.2/STM32CubeIDE/plugins/com.st.stm32cube.ide.mcu.externaltools.gnu-tools-for-stm32.11.3.rel1.win32_1.1.1.202309131626/tools/bin/../lib/gcc/arm-none-eabi/11.3.1/../../../../arm-none-eabi/lib/thumb/v7e-m+fp/hard\libc_nano.a(libc_a-exit.o)
                              C:/ST/STM32CubeIDE_1.13.2/STM32CubeIDE/plugins/com.st.stm32cube.ide.mcu.externaltools.gnu-tools-for-stm32.11.3.rel1.win32_1.1.1.202309131626/tools/bin/../lib/gcc/arm-none-eabi/11.3.1/../../../../arm-none-eabi/lib/thumb/v7e-m+fp/hard/crt0.o (exit)
C:/ST/STM32CubeIDE_1.13.2/STM32CubeIDE/plugins/com.st.stm32cube.ide.mcu.externaltools.gnu-tools-for-stm32.11.3.rel1.win32_1.1.1.202309131626/tools/bin/../lib/gcc/arm-none-eabi/11.3.1/../../../../arm-none-eabi/lib/thumb/v7e-m+fp/hard\libc_nano.a(libc_a-malloc.o)
                              ./Middlewares/ST/STM32_USB_Host_Library/Class/CDC/Src/usbh_cdc.o (malloc)
C:/ST/STM32CubeIDE_1.13.2/STM32CubeIDE/plugins/com.st.stm32cube.ide.mcu.externaltools.gnu-tools-for-stm32.11.3.rel1.win32_1.1.1.202309131626/tools/bin/../lib/gcc/arm-none-eabi/11.3.1/../../../../arm-none-eabi/lib/thumb/v7e-m+fp/hard\libc_nano.a(libc_a-mallocr.o)
                              C:/ST/STM32CubeIDE_1.13.2/STM32CubeIDE/plugins/com.st.stm32cube.ide.mcu.externaltools.gnu-tools-for-stm32.11.3.rel1.win32_1.1.1.202309131626/tools/bin/../lib/gcc/arm-none-eabi/11.3.1/../../../../arm-none-eabi/lib/thumb/v7e-m+fp/hard\libc_nano.a(libc_a-malloc.o) (_malloc_r)
C:/ST/STM32CubeIDE_1.13.2/STM32CubeIDE/plugins/com.st.stm32cube.ide.mcu.externaltools.gnu-tools-for-stm32.11.3.rel1.win32_1.1.1.202309131626/tools/bin/../lib/gcc/arm-none-eabi/11.3.1/../../../../arm-none-eabi/lib/thumb/v7e-m+fp/hard\libc_nano.a(libc_a-mlock.o)
                              C:/ST/STM32CubeIDE_1.13.2/STM32CubeIDE/plugins/com.st.stm32cube.ide.mcu.externaltools.gnu-tools-for-stm32.11.3.rel1.win32_1.1.1.202309131626/tools/bin/../lib/gcc/arm-none-eabi/11.3.1/../../../../arm-none-eabi/lib/thumb/v7e-m+fp/hard\libc_nano.a(libc_a-mallocr.o) (__malloc_lock)
C:/ST/STM32CubeIDE_1.13.2/STM32CubeIDE/plugins/com.st.stm32cube.ide.mcu.externaltools.gnu-tools-for-stm32.11.3.rel1.win32_1.1.1.202309131626/tools/bin/../lib/gcc/arm-none-eabi/11.3.1/../../../../arm-none-eabi/lib/thumb/v7e-m+fp/hard\libc_nano.a(libc_a-findfp.o)
                              ./Middlewares/Third_Party/FreeRTOS/Source/tasks.o (__sf)
C:/ST/STM32CubeIDE_1.13.2/STM32CubeIDE/plugins/com.st.stm32cube.ide.mcu.externaltools.gnu-tools-for-stm32.11.3.rel1.win32_1.1.1.202309131626/tools/bin/../lib/gcc/arm-none-eabi/11.3.1/../../../../arm-none-eabi/lib/thumb/v7e-m+fp/hard\libc_nano.a(libc_a-fwalk.o)
                              C:/ST/STM32CubeIDE_1.13.2/STM32CubeIDE/plugins/com.st.stm32cube.ide.mcu.externaltools.gnu-tools-for-stm32.11.3.rel1.win32_1.1.1.202309131626/tools/bin/../lib/gcc/arm-none-eabi/11.3.1/../../../../arm-none-eabi/lib/thumb/v7e-m+fp/hard\libc_nano.a(libc_a-findfp.o) (_fwalk_sglue)
C:/ST/STM32CubeIDE_1.13.2/STM32CubeIDE/plugins/com.st.stm32cube.ide.mcu.externaltools.gnu-tools-for-stm32.11.3.rel1.win32_1.1.1.202309131626/tools/bin/../lib/gcc/arm-none-eabi/11.3.1/../../../../arm-none-eabi/lib/thumb/v7e-m+fp/hard\libc_nano.a(libc_a-stdio.o)
                              C:/ST/STM32CubeIDE_1.13.2/STM32CubeIDE/plugins/com.st.stm32cube.ide.mcu.externaltools.gnu-tools-for-stm32.11.3.rel1.win32_1.1.1.202309131626/tools/bin/../lib/gcc/arm-none-eabi/11.3.1/../../../../arm-none-eabi/lib/thumb/v7e-m+fp/hard\libc_nano.a(libc_a-findfp.o) (__sread)
C:/ST/STM32CubeIDE_1.13.2/STM32CubeIDE/plugins/com.st.stm32cube.ide.mcu.externaltools.gnu-tools-for-stm32.11.3.rel1.win32_1.1.1.202309131626/tools/bin/../lib/gcc/arm-none-eabi/11.3.1/../../../../arm-none-eabi/lib/thumb/v7e-m+fp/hard\libc_nano.a(libc_a-memset.o)
                              C:/ST/STM32CubeIDE_1.13.2/STM32CubeIDE/plugins/com.st.stm32cube.ide.mcu.externaltools.gnu-tools-for-stm32.11.3.rel1.win32_1.1.1.202309131626/tools/bin/../lib/gcc/arm-none-eabi/11.3.1/../../../../arm-none-eabi/lib/thumb/v7e-m+fp/hard/crt0.o (memset)
C:/ST/STM32CubeIDE_1.13.2/STM32CubeIDE/plugins/com.st.stm32cube.ide.mcu.externaltools.gnu-tools-for-stm32.11.3.rel1.win32_1.1.1.202309131626/tools/bin/../lib/gcc/arm-none-eabi/11.3.1/../../../../arm-none-eabi/lib/thumb/v7e-m+fp/hard\libc_nano.a(libc_a-closer.o)
                              C:/ST/STM32CubeIDE_1.13.2/STM32CubeIDE/plugins/com.st.stm32cube.ide.mcu.externaltools.gnu-tools-for-stm32.11.3.rel1.win32_1.1.1.202309131626/tools/bin/../lib/gcc/arm-none-eabi/11.3.1/../../../../arm-none-eabi/lib/thumb/v7e-m+fp/hard\libc_nano.a(libc_a-stdio.o) (_close_r)
C:/ST/STM32CubeIDE_1.13.2/STM32CubeIDE/plugins/com.st.stm32cube.ide.mcu.externaltools.gnu-tools-for-stm32.11.3.rel1.win32_1.1.1.202309131626/tools/bin/../lib/gcc/arm-none-eabi/11.3.1/../../../../arm-none-eabi/lib/thumb/v7e-m+fp/hard\libc_nano.a(libc_a-reent.o)
[...]
Memory Configuration

Name             Origin             Length             Attributes
CCMRAM           0x0000000010000000 0x0000000000010000 xrw
RAM              0x0000000020000000 0x0000000000020000 xrw
FLASH            0x0000000008000000 0x0000000000100000 xr
*default*        0x0000000000000000 0xffffffffffffffff

Linker script and memory map

LOAD C:/ST/STM32CubeIDE_1.13.2/STM32CubeIDE/plugins/com.st.stm32cube.ide.mcu.externaltools.gnu-tools-for-stm32.11.3.rel1.win32_1.1.1.202309131626/tools/bin/../lib/gcc/arm-none-eabi/11.3.1/thumb/v7e-m+fp/hard/crti.o
LOAD C:/ST/STM32CubeIDE_1.13.2/STM32CubeIDE/plugins/com.st.stm32cube.ide.mcu.externaltools.gnu-tools-for-stm32.11.3.rel1.win32_1.1.1.202309131626/tools/bin/../lib/gcc/arm-none-eabi/11.3.1/thumb/v7e-m+fp/hard/crtbegin.o
LOAD C:/ST/STM32CubeIDE_1.13.2/STM32CubeIDE/plugins/com.st.stm32cube.ide.mcu.externaltools.gnu-tools-for-stm32.11.3.rel1.win32_1.1.1.202309131626/tools/bin/../lib/gcc/arm-none-eabi/11.3.1/../../../../arm-none-eabi/lib/thumb/v7e-m+fp/hard/crt0.o
LOAD ./Core/Src/freertos.o
LOAD ./Core/Src/main.o
LOAD ./Core/Src/stm32f4xx_hal_msp.o
LOAD ./Core/Src/stm32f4xx_hal_timebase_tim.o
LOAD ./Core/Src/stm32f4xx_it.o
LOAD ./Core/Src/syscalls.o
LOAD ./Core/Src/sysmem.o
LOAD ./Core/Src/system_stm32f4xx.o
LOAD ./Core/Startup/startup_stm32f407vgtx.o
LOAD ./Drivers/Display/Src/_mcpr_aufgabe3.o
LOAD ./Drivers/Display/Src/mcpr_timer.o
LOAD ./Drivers/STM32F4xx_HAL_Driver/Src/stm32f4xx_hal.o
LOAD ./Drivers/STM32F4xx_HAL_Driver/Src/stm32f4xx_hal_cortex.o
LOAD ./Drivers/STM32F4xx_HAL_Driver/Src/stm32f4xx_hal_dma.o
LOAD ./Drivers/STM32F4xx_HAL_Driver/Src/stm32f4xx_hal_dma_ex.o
LOAD ./Drivers/STM32F4xx_HAL_Driver/Src/stm32f4xx_hal_exti.o
LOAD ./Drivers/STM32F4xx_HAL_Driver/Src/stm32f4xx_hal_flash.o
LOAD ./Drivers/STM32F4xx_HAL_Driver/Src/stm32f4xx_hal_flash_ex.o
LOAD ./Drivers/STM32F4xx_HAL_Driver/Src/stm32f4xx_hal_flash_ramfunc.o
LOAD ./Drivers/STM32F4xx_HAL_Driver/Src/stm32f4xx_hal_gpio.o
LOAD ./Drivers/STM32F4xx_HAL_Driver/Src/stm32f4xx_hal_hcd.o
LOAD ./Drivers/STM32F4xx_HAL_Driver/Src/stm32f4xx_hal_i2c.o
LOAD ./Drivers/STM32F4xx_HAL_Driver/Src/stm32f4xx_hal_i2c_ex.o
LOAD ./Drivers/STM32F4xx_HAL_Driver/Src/stm32f4xx_hal_i2s.o
LOAD ./Drivers/STM32F4xx_HAL_Driver/Src/stm32f4xx_hal_i2s_ex.o
LOAD ./Drivers/STM32F4xx_HAL_Driver/Src/stm32f4xx_hal_pwr.o
LOAD ./Drivers/STM32F4xx_HAL_Driver/Src/stm32f4xx_hal_pwr_ex.o
LOAD ./Drivers/STM32F4xx_HAL_Driver/Src/stm32f4xx_hal_rcc.o
LOAD ./Drivers/STM32F4xx_HAL_Driver/Src/stm32f4xx_hal_rcc_ex.o
LOAD ./Drivers/STM32F4xx_HAL_Driver/Src/stm32f4xx_hal_spi.o
LOAD ./Drivers/STM32F4xx_HAL_Driver/Src/stm32f4xx_hal_tim.o
LOAD ./Drivers/STM32F4xx_HAL_Driver/Src/stm32f4xx_hal_tim_ex.o
LOAD ./Drivers/STM32F4xx_HAL_Driver/Src/stm32f4xx_ll_usb.o
LOAD ./Middlewares/ST/STM32_USB_Host_Library/Class/CDC/Src/usbh_cdc.o
LOAD ./Middlewares/ST/STM32_USB_Host_Library/Core/Src/usbh_core.o
LOAD ./Middlewares/ST/STM32_USB_Host_Library/Core/Src/usbh_ctlreq.o
LOAD ./Middlewares/ST/STM32_USB_Host_Library/Core/Src/usbh_ioreq.o
LOAD ./Middlewares/ST/STM32_USB_Host_Library/Core/Src/usbh_pipes.o
LOAD ./Middlewares/Third_Party/FreeRTOS/Source/CMSIS_RTOS_V2/cmsis_os2.o
LOAD ./Middlewares/Third_Party/FreeRTOS/Source/croutine.o
LOAD ./Middlewares/Third_Party/FreeRTOS/Source/event_groups.o
LOAD ./Middlewares/Third_Party/FreeRTOS/Source/list.o
LOAD ./Middlewares/Third_Party/FreeRTOS/Source/queue.o
LOAD ./Middlewares/Third_Party/FreeRTOS/Source/stream_buffer.o
LOAD ./Middlewares/Third_Party/FreeRTOS/Source/tasks.o
LOAD ./Middlewares/Third_Party/FreeRTOS/Source/timers.o
LOAD ./Middlewares/Third_Party/FreeRTOS/Source/portable/GCC/ARM_CM4F/port.o
LOAD ./Middlewares/Third_Party/FreeRTOS/Source/portable/MemMang/heap_4.o
LOAD ./USB_HOST/App/usb_host.o
LOAD ./USB_HOST/Target/usbh_conf.o
LOAD ./USB_HOST/Target/usbh_platform.o
START GROUP
LOAD C:/ST/STM32CubeIDE_1.13.2/STM32CubeIDE/plugins/com.st.stm32cube.ide.mcu.externaltools.gnu-tools-for-stm32.11.3.rel1.win32_1.1.1.202309131626/tools/bin/../lib/gcc/arm-none-eabi/11.3.1/../../../../arm-none-eabi/lib/thumb/v7e-m+fp/hard\libc_nano.a
LOAD C:/ST/STM32CubeIDE_1.13.2/STM32CubeIDE/plugins/com.st.stm32cube.ide.mcu.externaltools.gnu-tools-for-stm32.11.3.rel1.win32_1.1.1.202309131626/tools/bin/../lib/gcc/arm-none-eabi/11.3.1/../../../../arm-none-eabi/lib/thumb/v7e-m+fp/hard\libm.a
END GROUP
START GROUP
LOAD C:/ST/STM32CubeIDE_1.13.2/STM32CubeIDE/plugins/com.st.stm32cube.ide.mcu.externaltools.gnu-tools-for-stm32.11.3.rel1.win32_1.1.1.202309131626/tools/bin/../lib/gcc/arm-none-eabi/11.3.1/thumb/v7e-m+fp/hard\libgcc.a
LOAD C:/ST/STM32CubeIDE_1.13.2/STM32CubeIDE/plugins/com.st.stm32cube.ide.mcu.externaltools.gnu-tools-for-stm32.11.3.rel1.win32_1.1.1.202309131626/tools/bin/../lib/gcc/arm-none-eabi/11.3.1/../../../../arm-none-eabi/lib/thumb/v7e-m+fp/hard\libc_nano.a
END GROUP
START GROUP
LOAD C:/ST/STM32CubeIDE_1.13.2/STM32CubeIDE/plugins/com.st.stm32cube.ide.mcu.externaltools.gnu-tools-for-stm32.11.3.rel1.win32_1.1.1.202309131626/tools/bin/../lib/gcc/arm-none-eabi/11.3.1/thumb/v7e-m+fp/hard\libgcc.a
LOAD C:/ST/STM32CubeIDE_1.13.2/STM32CubeIDE/plugins/com.st.stm32cube.ide.mcu.externaltools.gnu-tools-for-stm32.11.3.rel1.win32_1.1.1.202309131626/tools/bin/../lib/gcc/arm-none-eabi/11.3.1/../../../../arm-none-eabi/lib/thumb/v7e-m+fp/hard\libc_nano.a
LOAD C:/ST/STM32CubeIDE_1.13.2/STM32CubeIDE/plugins/com.st.stm32cube.ide.mcu.externaltools.gnu-tools-for-stm32.11.3.rel1.win32_1.1.1.202309131626/tools/bin/../lib/gcc/arm-none-eabi/11.3.1/../../../../arm-none-eabi/lib/thumb/v7e-m+fp/hard\libnosys.a
END GROUP
START GROUP
LOAD C:/ST/STM32CubeIDE_1.13.2/STM32CubeIDE/plugins/com.st.stm32cube.ide.mcu.externaltools.gnu-tools-for-stm32.11.3.rel1.win32_1.1.1.202309131626/tools/bin/../lib/gcc/arm-none-eabi/11.3.1/thumb/v7e-m+fp/hard\libgcc.a
LOAD C:/ST/STM32CubeIDE_1.13.2/STM32CubeIDE/plugins/com.st.stm32cube.ide.mcu.externaltools.gnu-tools-for-stm32.11.3.rel1.win32_1.1.1.202309131626/tools/bin/../lib/gcc/arm-none-eabi/11.3.1/../../../../arm-none-eabi/lib/thumb/v7e-m+fp/hard\libc_nano.a
LOAD C:/ST/STM32CubeIDE_1.13.2/STM32CubeIDE/plugins/com.st.stm32cube.ide.mcu.externaltools.gnu-tools-for-stm32.11.3.rel1.win32_1.1.1.202309131626/tools/bin/../lib/gcc/arm-none-eabi/11.3.1/../../../../arm-none-eabi/lib/thumb/v7e-m+fp/hard\libnosys.a
END GROUP
LOAD C:/ST/STM32CubeIDE_1.13.2/STM32CubeIDE/plugins/com.st.stm32cube.ide.mcu.externaltools.gnu-tools-for-stm32.11.3.rel1.win32_1.1.1.202309131626/tools/bin/../lib/gcc/arm-none-eabi/11.3.1/thumb/v7e-m+fp/hard/crtend.o
LOAD C:/ST/STM32CubeIDE_1.13.2/STM32CubeIDE/plugins/com.st.stm32cube.ide.mcu.externaltools.gnu-tools-for-stm32.11.3.rel1.win32_1.1.1.202309131626/tools/bin/../lib/gcc/arm-none-eabi/11.3.1/thumb/v7e-m+fp/hard/crtn.o
                0x0000000020020000                _estack = (ORIGIN (RAM) + LENGTH (RAM))
                0x0000000000000200                _Min_Heap_Size = 0x200
                0x0000000000000400                _Min_Stack_Size = 0x400

.isr_vector     0x0000000008000000      0x188
                0x0000000008000000                . = ALIGN (0x4)
 *(.isr_vector)
 .isr_vector    0x0000000008000000      0x188 ./Core/Startup/startup_stm32f407vgtx.o
                0x0000000008000000                g_pfnVectors
                0x0000000008000188                . = ALIGN (0x4)

.text           0x0000000008000190     0xcd88
                0x0000000008000190                . = ALIGN (0x4)
 *(.text)
 .text          0x0000000008000190       0x40 C:/ST/STM32CubeIDE_1.13.2/STM32CubeIDE/plugins/com.st.stm32cube.ide.mcu.externaltools.gnu-tools-for-stm32.11.3.rel1.win32_1.1.1.202309131626/tools/bin/../lib/gcc/arm-none-eabi/11.3.1/thumb/v7e-m+fp/hard/crtbegin.o
 .text          0x00000000080001d0       0x30 C:/ST/STM32CubeIDE_1.13.2/STM32CubeIDE/plugins/com.st.stm32cube.ide.mcu.externaltools.gnu-tools-for-stm32.11.3.rel1.win32_1.1.1.202309131626/tools/bin/../lib/gcc/arm-none-eabi/11.3.1/thumb/v7e-m+fp/hard\libgcc.a(_aeabi_uldivmod.o)
                0x00000000080001d0                __aeabi_uldivmod
 .text          0x0000000008000200      0x2c8 C:/ST/STM32CubeIDE_1.13.2/STM32CubeIDE/plugins/com.st.stm32cube.ide.mcu.externaltools.gnu-tools-for-stm32.11.3.rel1.win32_1.1.1.202309131626/tools/bin/../lib/gcc/arm-none-eabi/11.3.1/thumb/v7e-m+fp/hard\libgcc.a(_udivmoddi4.o)
                0x0000000008000200                __udivmoddi4
 .text          0x00000000080004c8        0x4 C:/ST/STM32CubeIDE_1.13.2/STM32CubeIDE/plugins/com.st.stm32cube.ide.mcu.externaltools.gnu-tools-for-stm32.11.3.rel1.win32_1.1.1.202309131626/tools/bin/../lib/gcc/arm-none-eabi/11.3.1/thumb/v7e-m+fp/hard\libgcc.a(_dvmd_tls.o)
                0x00000000080004c8                __aeabi_idiv0
                0x00000000080004c8                __aeabi_ldiv0
 *(.text*)
 .text.main     0x00000000080004cc       0x98 ./Core/Src/main.o
                0x00000000080004cc                main
 .text.SystemClock_Config
                0x0000000008000564       0xd4 ./Core/Src/main.o
                0x0000000008000564                SystemClock_Config
 .text.MX_I2C1_Init
                0x0000000008000638       0x5c ./Core/Src/main.o
 .text.MX_I2S3_Init
                0x0000000008000694       0x60 ./Core/Src/main.o
 .text.MX_SPI1_Init
                0x00000000080006f4       0x6c ./Core/Src/main.o
 .text.MX_TIM4_Init
                0x0000000008000760       0xf0 ./Core/Src/main.o
 .text.MX_TIM7_Init
                0x0000000008000850       0x7c ./Core/Src/main.o
 .text.MX_GPIO_Init
                0x00000000080008cc      0x1fc ./Core/Src/main.o
 .text.IOControlTask
                0x0000000008000ac8       0xe0 ./Core/Src/main.o
                0x0000000008000ac8                IOControlTask
 .text.StartDisplayTask
                0x0000000008000ba8       0x68 ./Core/Src/main.o
                0x0000000008000ba8                StartDisplayTask
 .text.HAL_TIM_PeriodElapsedCallback
                0x0000000008000c10       0x40 ./Core/Src/main.o
                0x0000000008000c10                HAL_TIM_PeriodElapsedCallback
 .text.Error_Handler
                0x0000000008000c50        0xa ./Core/Src/main.o
                0x0000000008000c50                Error_Handler
 *fill*         0x0000000008000c5a        0x2 
 .text.HAL_MspInit
                0x0000000008000c5c       0x58 ./Core/Src/stm32f4xx_hal_msp.o
                0x0000000008000c5c                HAL_MspInit
 .text.HAL_I2C_MspInit
                0x0000000008000cb4       0x90 ./Core/Src/stm32f4xx_hal_msp.o
                0x0000000008000cb4                HAL_I2C_MspInit
 .text.HAL_I2S_MspInit
                0x0000000008000d44      0x100 ./Core/Src/stm32f4xx_hal_msp.o
                0x0000000008000d44                HAL_I2S_MspInit
 .text.HAL_SPI_MspInit
                0x0000000008000e44       0x90 ./Core/Src/stm32f4xx_hal_msp.o
                0x0000000008000e44                HAL_SPI_MspInit
 .text.HAL_TIM_Base_MspInit
                0x0000000008000ed4       0x7c ./Core/Src/stm32f4xx_hal_msp.o
                0x0000000008000ed4                HAL_TIM_Base_MspInit
 .text.HAL_TIM_MspPostInit
                0x0000000008000f50       0x74 ./Core/Src/stm32f4xx_hal_msp.o
                0x0000000008000f50                HAL_TIM_MspPostInit
 .text.HAL_InitTick
                0x0000000008000fc4       0xe8 ./Core/Src/stm32f4xx_hal_timebase_tim.o
                0x0000000008000fc4                HAL_InitTick
 .text.NMI_Handler
                0x00000000080010ac        0x6 ./Core/Src/stm32f4xx_it.o
                0x00000000080010ac                NMI_Handler
 .text.HardFault_Handler
                0x00000000080010b2        0x6 ./Core/Src/stm32f4xx_it.o
                0x00000000080010b2                HardFault_Handler
 .text.MemManage_Handler
                0x00000000080010b8        0x6 ./Core/Src/stm32f4xx_it.o
                0x00000000080010b8                MemManage_Handler
 .text.BusFault_Handler
                0x00000000080010be        0x6 ./Core/Src/stm32f4xx_it.o
                0x00000000080010be                BusFault_Handler
 .text.UsageFault_Handler
                0x00000000080010c4        0x6 ./Core/Src/stm32f4xx_it.o
                0x00000000080010c4                UsageFault_Handler
 .text.DebugMon_Handler
                0x00000000080010ca        0xe ./Core/Src/stm32f4xx_it.o
                0x00000000080010ca                DebugMon_Handler
 .text.TIM8_UP_TIM13_IRQHandler
                0x00000000080010d8       0x14 ./Core/Src/stm32f4xx_it.o
                0x00000000080010d8                TIM8_UP_TIM13_IRQHandler
 .text.TIM7_IRQHandler
                0x00000000080010ec       0x14 ./Core/Src/stm32f4xx_it.o
                0x00000000080010ec                TIM7_IRQHandler
 .text.OTG_FS_IRQHandler
                0x0000000008001100       0x14 ./Core/Src/stm32f4xx_it.o
                0x0000000008001100                OTG_FS_IRQHandler
 .text._sbrk    0x0000000008001114       0x6c ./Core/Src/sysmem.o
                0x0000000008001114                _sbrk
 .text.SystemInit
                0x0000000008001180       0x24 ./Core/Src/system_stm32f4xx.o
                0x0000000008001180                SystemInit
 .text.Reset_Handler
                0x00000000080011a4       0x50 ./Core/Startup/startup_stm32f407vgtx.o
                0x00000000080011a4                Reset_Handler
 .text.Default_Handler
                0x00000000080011f4        0x2 ./Core/Startup/startup_stm32f407vgtx.o
                0x00000000080011f4                RTC_Alarm_IRQHandler
                0x00000000080011f4                HASH_RNG_IRQHandler
                0x00000000080011f4                EXTI2_IRQHandler
                0x00000000080011f4                TIM8_CC_IRQHandler
                0x00000000080011f4                TIM1_CC_IRQHandler
                0x00000000080011f4                DMA2_Stream5_IRQHandler
                0x00000000080011f4                DMA1_Stream5_IRQHandler
                0x00000000080011f4                PVD_IRQHandler
                0x00000000080011f4                SDIO_IRQHandler
                0x00000000080011f4                TAMP_STAMP_IRQHandler
                0x00000000080011f4                CAN2_RX1_IRQHandler
                0x00000000080011f4                EXTI3_IRQHandler
                0x00000000080011f4                TIM8_TRG_COM_TIM14_IRQHandler
                0x00000000080011f4                TIM1_UP_TIM10_IRQHandler
                0x00000000080011f4                I2C3_ER_IRQHandler
                0x00000000080011f4                EXTI0_IRQHandler
                0x00000000080011f4                I2C2_EV_IRQHandler
                0x00000000080011f4                DMA1_Stream2_IRQHandler
                0x00000000080011f4                CAN1_RX0_IRQHandler
                0x00000000080011f4                FPU_IRQHandler
                0x00000000080011f4                OTG_HS_WKUP_IRQHandler
                0x00000000080011f4                CAN2_SCE_IRQHandler
                0x00000000080011f4                DMA2_Stream2_IRQHandler
                0x00000000080011f4                SPI1_IRQHandler
                0x00000000080011f4                TIM1_BRK_TIM9_IRQHandler
                0x00000000080011f4                DCMI_IRQHandler
                0x00000000080011f4                CAN2_RX0_IRQHandler
                0x00000000080011f4                DMA2_Stream3_IRQHandler
                0x00000000080011f4                USART6_IRQHandler
                0x00000000080011f4                USART3_IRQHandler
                0x00000000080011f4                CAN1_RX1_IRQHandler
                0x00000000080011f4                UART5_IRQHandler
                0x00000000080011f4                DMA2_Stream0_IRQHandler
                0x00000000080011f4                TIM4_IRQHandler
                0x00000000080011f4                I2C1_EV_IRQHandler
                0x00000000080011f4                DMA1_Stream6_IRQHandler
                0x00000000080011f4                DMA1_Stream1_IRQHandler
                0x00000000080011f4                UART4_IRQHandler
                0x00000000080011f4                TIM3_IRQHandler
                0x00000000080011f4                RCC_IRQHandler
                0x00000000080011f4                TIM8_BRK_TIM12_IRQHandler
                0x00000000080011f4                Default_Handler
                0x00000000080011f4                EXTI15_10_IRQHandler
                0x00000000080011f4                ADC_IRQHandler
                0x00000000080011f4                DMA1_Stream7_IRQHandler
                0x00000000080011f4                CAN2_TX_IRQHandler
                0x00000000080011f4                TIM5_IRQHandler
                0x00000000080011f4                DMA2_Stream7_IRQHandler
                0x00000000080011f4                I2C3_EV_IRQHandler
                0x00000000080011f4                EXTI9_5_IRQHandler
                0x00000000080011f4                RTC_WKUP_IRQHandler
                0x00000000080011f4                ETH_WKUP_IRQHandler
                0x00000000080011f4                SPI2_IRQHandler
                0x00000000080011f4                OTG_HS_EP1_IN_IRQHandler
                0x00000000080011f4                DMA1_Stream0_IRQHandler
                0x00000000080011f4                CAN1_TX_IRQHandler
                0x00000000080011f4                EXTI4_IRQHandler
                0x00000000080011f4                FSMC_IRQHandler
                0x00000000080011f4                ETH_IRQHandler
                0x00000000080011f4                OTG_HS_EP1_OUT_IRQHandler
                0x00000000080011f4                WWDG_IRQHandler
                0x00000000080011f4                TIM2_IRQHandler
                0x00000000080011f4                OTG_FS_WKUP_IRQHandler
                0x00000000080011f4                TIM1_TRG_COM_TIM11_IRQHandler
                0x00000000080011f4                OTG_HS_IRQHandler
                0x00000000080011f4                EXTI1_IRQHandler
                0x00000000080011f4                USART2_IRQHandler
                0x00000000080011f4                I2C2_ER_IRQHandler
                0x00000000080011f4                DMA2_Stream1_IRQHandler
                0x00000000080011f4                CAN1_SCE_IRQHandler
                0x00000000080011f4                FLASH_IRQHandler
                0x00000000080011f4                DMA2_Stream4_IRQHandler
                0x00000000080011f4                USART1_IRQHandler
                0x00000000080011f4                SPI3_IRQHandler
                0x00000000080011f4                DMA1_Stream4_IRQHandler
                0x00000000080011f4                I2C1_ER_IRQHandler
                0x00000000080011f4                DMA2_Stream6_IRQHandler
                0x00000000080011f4                DMA1_Stream3_IRQHandler
 *fill*         0x00000000080011f6        0x2 
 .text.mcpr_LCD_InitPorts
                0x00000000080011f8       0x70 ./Drivers/Display/Src/_mcpr_aufgabe3.o
                0x00000000080011f8                mcpr_LCD_InitPorts
 .text.mcpr_LCD_Output16BitWord
                0x0000000008001268       0x78 ./Drivers/Display/Src/_mcpr_aufgabe3.o
                0x0000000008001268                mcpr_LCD_Output16BitWord
 .text.mcpr_LCD_WriteData
                0x00000000080012e0       0x84 ./Drivers/Display/Src/_mcpr_aufgabe3.o
                0x00000000080012e0                mcpr_LCD_WriteData
 .text.mcpr_LCD_WriteCommand
                0x0000000008001364       0x84 ./Drivers/Display/Src/_mcpr_aufgabe3.o
                0x0000000008001364                mcpr_LCD_WriteCommand
 .text.mcpr_LCD_WriteReg
                0x00000000080013e8       0x28 ./Drivers/Display/Src/_mcpr_aufgabe3.o
                0x00000000080013e8                mcpr_LCD_WriteReg
 .text.mcpr_LCD_Init
                0x0000000008001410       0xe4 ./Drivers/Display/Src/_mcpr_aufgabe3.o
                0x0000000008001410                mcpr_LCD_Init
 .text.mcpr_LCD_SetCursor
                0x00000000080014f4       0x2c ./Drivers/Display/Src/_mcpr_aufgabe3.o
                0x00000000080014f4                mcpr_LCD_SetCursor
 .text.mcpr_LCD_DrawPixel
                0x0000000008001520       0x1c ./Drivers/Display/Src/_mcpr_aufgabe3.o
                0x0000000008001520                mcpr_LCD_DrawPixel
 .text.mcpr_LCD_ClearDisplay
                0x000000000800153c       0x38 ./Drivers/Display/Src/_mcpr_aufgabe3.o
                0x000000000800153c                mcpr_LCD_ClearDisplay
 .text.mcpr_LCD_WriteLetter
                0x0000000008001574       0xb4 ./Drivers/Display/Src/_mcpr_aufgabe3.o
                0x0000000008001574                mcpr_LCD_WriteLetter
 .text.mcpr_LCD_WriteString
                0x0000000008001628       0x52 ./Drivers/Display/Src/_mcpr_aufgabe3.o
                0x0000000008001628                mcpr_LCD_WriteString
 *fill*         0x000000000800167a        0x2 
 .text.__NVIC_EnableIRQ
                0x000000000800167c       0x3c ./Drivers/Display/Src/mcpr_timer.o
 .text.__NVIC_DisableIRQ
                0x00000000080016b8       0x48 ./Drivers/Display/Src/mcpr_timer.o
 .text.__NVIC_SetPriority
                0x0000000008001700       0x54 ./Drivers/Display/Src/mcpr_timer.o
 .text.TIM6_DAC_IRQHandler
                0x0000000008001754       0x58 ./Drivers/Display/Src/mcpr_timer.o
                0x0000000008001754                TIM6_DAC_IRQHandler
 .text.u_delay  0x00000000080017ac       0x8c ./Drivers/Display/Src/mcpr_timer.o
                0x00000000080017ac                u_delay
 .text.m_delay  0x0000000008001838       0x84 ./Drivers/Display/Src/mcpr_timer.o
                0x0000000008001838                m_delay
 .text.HAL_Init
                0x00000000080018bc       0x44 ./Drivers/STM32F4xx_HAL_Driver/Src/stm32f4xx_hal.o
                0x00000000080018bc                HAL_Init
 .text.HAL_IncTick
                0x0000000008001900       0x28 ./Drivers/STM32F4xx_HAL_Driver/Src/stm32f4xx_hal.o
                0x0000000008001900                HAL_IncTick
 .text.HAL_GetTick
                0x0000000008001928       0x18 ./Drivers/STM32F4xx_HAL_Driver/Src/stm32f4xx_hal.o
                0x0000000008001928                HAL_GetTick
 .text.HAL_Delay
                0x0000000008001940       0x48 ./Drivers/STM32F4xx_HAL_Driver/Src/stm32f4xx_hal.o
                0x0000000008001940                HAL_Delay
 .text.__NVIC_SetPriorityGrouping
                0x0000000008001988       0x48 ./Drivers/STM32F4xx_HAL_Driver/Src/stm32f4xx_hal_cortex.o
 .text.__NVIC_GetPriorityGrouping
                0x00000000080019d0       0x1c ./Drivers/STM32F4xx_HAL_Driver/Src/stm32f4xx_hal_cortex.o
 .text.__NVIC_EnableIRQ
                0x00000000080019ec       0x3c ./Drivers/STM32F4xx_HAL_Driver/Src/stm32f4xx_hal_cortex.o
 .text.__NVIC_SetPriority
                0x0000000008001a28       0x54 ./Drivers/STM32F4xx_HAL_Driver/Src/stm32f4xx_hal_cortex.o
 .text.NVIC_EncodePriority
                0x0000000008001a7c       0x66 ./Drivers/STM32F4xx_HAL_Driver/Src/stm32f4xx_hal_cortex.o
 .text.HAL_NVIC_SetPriorityGrouping
                0x0000000008001ae2       0x16 ./Drivers/STM32F4xx_HAL_Driver/Src/stm32f4xx_hal_cortex.o
                0x0000000008001ae2                HAL_NVIC_SetPriorityGrouping
 .text.HAL_NVIC_SetPriority
                0x0000000008001af8       0x38 ./Drivers/STM32F4xx_HAL_Driver/Src/stm32f4xx_hal_cortex.o
                0x0000000008001af8                HAL_NVIC_SetPriority
 .text.HAL_NVIC_EnableIRQ
                0x0000000008001b30       0x1c ./Drivers/STM32F4xx_HAL_Driver/Src/stm32f4xx_hal_cortex.o
                0x0000000008001b30                HAL_NVIC_EnableIRQ
 .text.HAL_GPIO_Init
                0x0000000008001b4c      0x338 ./Drivers/STM32F4xx_HAL_Driver/Src/stm32f4xx_hal_gpio.o
                0x0000000008001b4c                HAL_GPIO_Init
 .text.HAL_GPIO_ReadPin
                0x0000000008001e84       0x30 ./Drivers/STM32F4xx_HAL_Driver/Src/stm32f4xx_hal_gpio.o
                0x0000000008001e84                HAL_GPIO_ReadPin
 .text.HAL_GPIO_WritePin
                0x0000000008001eb4       0x32 ./Drivers/STM32F4xx_HAL_Driver/Src/stm32f4xx_hal_gpio.o
                0x0000000008001eb4                HAL_GPIO_WritePin
 .text.HAL_HCD_Init
                0x0000000008001ee6       0xc4 ./Drivers/STM32F4xx_HAL_Driver/Src/stm32f4xx_hal_hcd.o
                0x0000000008001ee6                HAL_HCD_Init
 .text.HAL_HCD_HC_Init
                0x0000000008001faa      0x11e ./Drivers/STM32F4xx_HAL_Driver/Src/stm32f4xx_hal_hcd.o
                0x0000000008001faa                HAL_HCD_HC_Init
 .text.HAL_HCD_HC_Halt
                0x00000000080020c8       0x46 ./Drivers/STM32F4xx_HAL_Driver/Src/stm32f4xx_hal_hcd.o
                0x00000000080020c8                HAL_HCD_HC_Halt
 *fill*         0x000000000800210e        0x2 
 .text.HAL_HCD_HC_SubmitRequest
                0x0000000008002110      0x2ac ./Drivers/STM32F4xx_HAL_Driver/Src/stm32f4xx_hal_hcd.o
                0x0000000008002110                HAL_HCD_HC_SubmitRequest
 .text.HAL_HCD_IRQHandler
                0x00000000080023bc      0x216 ./Drivers/STM32F4xx_HAL_Driver/Src/stm32f4xx_hal_hcd.o
                0x00000000080023bc                HAL_HCD_IRQHandler
 .text.HAL_HCD_Start
                0x00000000080025d2       0x46 ./Drivers/STM32F4xx_HAL_Driver/Src/stm32f4xx_hal_hcd.o
                0x00000000080025d2                HAL_HCD_Start
 .text.HAL_HCD_Stop
                0x0000000008002618       0x3a ./Drivers/STM32F4xx_HAL_Driver/Src/stm32f4xx_hal_hcd.o
                0x0000000008002618                HAL_HCD_Stop
 .text.HAL_HCD_ResetPort
                0x0000000008002652       0x1c ./Drivers/STM32F4xx_HAL_Driver/Src/stm32f4xx_hal_hcd.o
                0x0000000008002652                HAL_HCD_ResetPort
 .text.HAL_HCD_HC_GetURBState
                0x000000000800266e       0x28 ./Drivers/STM32F4xx_HAL_Driver/Src/stm32f4xx_hal_hcd.o
                0x000000000800266e                HAL_HCD_HC_GetURBState
 .text.HAL_HCD_HC_GetXferCount
                0x0000000008002696       0x28 ./Drivers/STM32F4xx_HAL_Driver/Src/stm32f4xx_hal_hcd.o
                0x0000000008002696                HAL_HCD_HC_GetXferCount
 .text.HAL_HCD_GetCurrentFrame
                0x00000000080026be       0x1c ./Drivers/STM32F4xx_HAL_Driver/Src/stm32f4xx_hal_hcd.o
                0x00000000080026be                HAL_HCD_GetCurrentFrame
 .text.HAL_HCD_GetCurrentSpeed
                0x00000000080026da       0x1c ./Drivers/STM32F4xx_HAL_Driver/Src/stm32f4xx_hal_hcd.o
                0x00000000080026da                HAL_HCD_GetCurrentSpeed
 .text.HCD_HC_IN_IRQHandler
                0x00000000080026f6      0x6aa ./Drivers/STM32F4xx_HAL_Driver/Src/stm32f4xx_hal_hcd.o
 .text.HCD_HC_OUT_IRQHandler
                0x0000000008002da0      0x6d2 ./Drivers/STM32F4xx_HAL_Driver/Src/stm32f4xx_hal_hcd.o
 .text.HCD_RXQLVL_IRQHandler
                0x0000000008003472      0x1a4 ./Drivers/STM32F4xx_HAL_Driver/Src/stm32f4xx_hal_hcd.o
 .text.HCD_Port_IRQHandler
                0x0000000008003616       0xe6 ./Drivers/STM32F4xx_HAL_Driver/Src/stm32f4xx_hal_hcd.o
 .text.HAL_I2C_Init
                0x00000000080036fc      0x288 ./Drivers/STM32F4xx_HAL_Driver/Src/stm32f4xx_hal_i2c.o
                0x00000000080036fc                HAL_I2C_Init
 .text.HAL_I2S_Init
                0x0000000008003984      0x280 ./Drivers/STM32F4xx_HAL_Driver/Src/stm32f4xx_hal_i2s.o
                0x0000000008003984                HAL_I2S_Init
 .text.HAL_I2S_TxCpltCallback
                0x0000000008003c04       0x14 ./Drivers/STM32F4xx_HAL_Driver/Src/stm32f4xx_hal_i2s.o
                0x0000000008003c04                HAL_I2S_TxCpltCallback
 .text.HAL_I2S_RxCpltCallback
                0x0000000008003c18       0x14 ./Drivers/STM32F4xx_HAL_Driver/Src/stm32f4xx_hal_i2s.o
                0x0000000008003c18                HAL_I2S_RxCpltCallback
 .text.HAL_I2S_ErrorCallback
                0x0000000008003c2c       0x14 ./Drivers/STM32F4xx_HAL_Driver/Src/stm32f4xx_hal_i2s.o
                0x0000000008003c2c                HAL_I2S_ErrorCallback
 .text.I2S_Transmit_IT
                0x0000000008003c40       0x5c ./Drivers/STM32F4xx_HAL_Driver/Src/stm32f4xx_hal_i2s.o
 .text.I2S_Receive_IT
                0x0000000008003c9c       0x5e ./Drivers/STM32F4xx_HAL_Driver/Src/stm32f4xx_hal_i2s.o
 .text.I2S_IRQHandler
                0x0000000008003cfa      0x114 ./Drivers/STM32F4xx_HAL_Driver/Src/stm32f4xx_hal_i2s.o
 *fill*         0x0000000008003e0e        0x2 
 .text.HAL_I2SEx_FullDuplex_IRQHandler
                0x0000000008003e10      0x2a8 ./Drivers/STM32F4xx_HAL_Driver/Src/stm32f4xx_hal_i2s_ex.o
                0x0000000008003e10                HAL_I2SEx_FullDuplex_IRQHandler
 .text.HAL_I2SEx_TxRxCpltCallback
                0x00000000080040b8       0x14 ./Drivers/STM32F4xx_HAL_Driver/Src/stm32f4xx_hal_i2s_ex.o
                0x00000000080040b8                HAL_I2SEx_TxRxCpltCallback
 .text.I2SEx_TxISR_I2S
                0x00000000080040cc       0x62 ./Drivers/STM32F4xx_HAL_Driver/Src/stm32f4xx_hal_i2s_ex.o
 *fill*         0x000000000800412e        0x2 
 .text.I2SEx_TxISR_I2SExt
                0x0000000008004130       0x98 ./Drivers/STM32F4xx_HAL_Driver/Src/stm32f4xx_hal_i2s_ex.o
 .text.I2SEx_RxISR_I2S
                0x00000000080041c8       0x64 ./Drivers/STM32F4xx_HAL_Driver/Src/stm32f4xx_hal_i2s_ex.o
 .text.I2SEx_RxISR_I2SExt
                0x000000000800422c       0x98 ./Drivers/STM32F4xx_HAL_Driver/Src/stm32f4xx_hal_i2s_ex.o
 .text.HAL_RCC_OscConfig
                0x00000000080042c4      0x4f0 ./Drivers/STM32F4xx_HAL_Driver/Src/stm32f4xx_hal_rcc.o
                0x00000000080042c4                HAL_RCC_OscConfig
 .text.HAL_RCC_ClockConfig
                0x00000000080047b4      0x1cc ./Drivers/STM32F4xx_HAL_Driver/Src/stm32f4xx_hal_rcc.o
                0x00000000080047b4                HAL_RCC_ClockConfig
 .text.HAL_RCC_GetSysClockFreq
                0x0000000008004980      0x20c ./Drivers/STM32F4xx_HAL_Driver/Src/stm32f4xx_hal_rcc.o
                0x0000000008004980                HAL_RCC_GetSysClockFreq
 .text.HAL_RCC_GetHCLKFreq
                0x0000000008004b8c       0x18 ./Drivers/STM32F4xx_HAL_Driver/Src/stm32f4xx_hal_rcc.o
                0x0000000008004b8c                HAL_RCC_GetHCLKFreq
 .text.HAL_RCC_GetPCLK1Freq
                0x0000000008004ba4       0x28 ./Drivers/STM32F4xx_HAL_Driver/Src/stm32f4xx_hal_rcc.o
                0x0000000008004ba4                HAL_RCC_GetPCLK1Freq
 .text.HAL_RCC_GetPCLK2Freq
                0x0000000008004bcc       0x28 ./Drivers/STM32F4xx_HAL_Driver/Src/stm32f4xx_hal_rcc.o
                0x0000000008004bcc                HAL_RCC_GetPCLK2Freq
 .text.HAL_RCC_GetClockConfig
                0x0000000008004bf4       0x64 ./Drivers/STM32F4xx_HAL_Driver/Src/stm32f4xx_hal_rcc.o
                0x0000000008004bf4                HAL_RCC_GetClockConfig
 .text.HAL_RCCEx_PeriphCLKConfig
                0x0000000008004c58      0x1c4 ./Drivers/STM32F4xx_HAL_Driver/Src/stm32f4xx_hal_rcc_ex.o
                0x0000000008004c58                HAL_RCCEx_PeriphCLKConfig
 .text.HAL_RCCEx_GetPeriphCLKFreq
                0x0000000008004e1c       0xbc ./Drivers/STM32F4xx_HAL_Driver/Src/stm32f4xx_hal_rcc_ex.o
                0x0000000008004e1c                HAL_RCCEx_GetPeriphCLKFreq
 .text.HAL_SPI_Init
                0x0000000008004ed8      0x112 ./Drivers/STM32F4xx_HAL_Driver/Src/stm32f4xx_hal_spi.o
                0x0000000008004ed8                HAL_SPI_Init
 .text.HAL_TIM_Base_Init
                0x0000000008004fea       0x9e ./Drivers/STM32F4xx_HAL_Driver/Src/stm32f4xx_hal_tim.o
                0x0000000008004fea                HAL_TIM_Base_Init
 .text.HAL_TIM_Base_Start
                0x0000000008005088       0xd0 ./Drivers/STM32F4xx_HAL_Driver/Src/stm32f4xx_hal_tim.o
                0x0000000008005088                HAL_TIM_Base_Start
 .text.HAL_TIM_Base_Start_IT
                0x0000000008005158       0xe0 ./Drivers/STM32F4xx_HAL_Driver/Src/stm32f4xx_hal_tim.o
                0x0000000008005158                HAL_TIM_Base_Start_IT
 .text.HAL_TIM_PWM_Init
                0x0000000008005238       0x9e ./Drivers/STM32F4xx_HAL_Driver/Src/stm32f4xx_hal_tim.o
                0x0000000008005238                HAL_TIM_PWM_Init
 .text.HAL_TIM_PWM_MspInit
                0x00000000080052d6       0x14 ./Drivers/STM32F4xx_HAL_Driver/Src/stm32f4xx_hal_tim.o
                0x00000000080052d6                HAL_TIM_PWM_MspInit
 *fill*         0x00000000080052ea        0x2 
 .text.HAL_TIM_PWM_Start
                0x00000000080052ec      0x190 ./Drivers/STM32F4xx_HAL_Driver/Src/stm32f4xx_hal_tim.o
                0x00000000080052ec                HAL_TIM_PWM_Start
 .text.HAL_TIM_IRQHandler
                0x000000000800547c      0x210 ./Drivers/STM32F4xx_HAL_Driver/Src/stm32f4xx_hal_tim.o
                0x000000000800547c                HAL_TIM_IRQHandler
 .text.HAL_TIM_PWM_ConfigChannel
                0x000000000800568c      0x184 ./Drivers/STM32F4xx_HAL_Driver/Src/stm32f4xx_hal_tim.o
                0x000000000800568c                HAL_TIM_PWM_ConfigChannel
 .text.HAL_TIM_ConfigClockSource
                0x0000000008005810      0x18e ./Drivers/STM32F4xx_HAL_Driver/Src/stm32f4xx_hal_tim.o
                0x0000000008005810                HAL_TIM_ConfigClockSource
 .text.HAL_TIM_OC_DelayElapsedCallback
                0x000000000800599e       0x14 ./Drivers/STM32F4xx_HAL_Driver/Src/stm32f4xx_hal_tim.o
                0x000000000800599e                HAL_TIM_OC_DelayElapsedCallback
 .text.HAL_TIM_IC_CaptureCallback
                0x00000000080059b2       0x14 ./Drivers/STM32F4xx_HAL_Driver/Src/stm32f4xx_hal_tim.o
                0x00000000080059b2                HAL_TIM_IC_CaptureCallback
 .text.HAL_TIM_PWM_PulseFinishedCallback
                0x00000000080059c6       0x14 ./Drivers/STM32F4xx_HAL_Driver/Src/stm32f4xx_hal_tim.o
                0x00000000080059c6                HAL_TIM_PWM_PulseFinishedCallback
 .text.HAL_TIM_TriggerCallback
                0x00000000080059da       0x14 ./Drivers/STM32F4xx_HAL_Driver/Src/stm32f4xx_hal_tim.o
                0x00000000080059da                HAL_TIM_TriggerCallback
 *fill*         0x00000000080059ee        0x2 
 .text.TIM_Base_SetConfig
                0x00000000080059f0      0x140 ./Drivers/STM32F4xx_HAL_Driver/Src/stm32f4xx_hal_tim.o
                0x00000000080059f0                TIM_Base_SetConfig
 .text.TIM_OC1_SetConfig
                0x0000000008005b30       0xe0 ./Drivers/STM32F4xx_HAL_Driver/Src/stm32f4xx_hal_tim.o
 .text.TIM_OC2_SetConfig
                0x0000000008005c10       0xec ./Drivers/STM32F4xx_HAL_Driver/Src/stm32f4xx_hal_tim.o
                0x0000000008005c10                TIM_OC2_SetConfig
 .text.TIM_OC3_SetConfig
                0x0000000008005cfc       0xe8 ./Drivers/STM32F4xx_HAL_Driver/Src/stm32f4xx_hal_tim.o
 .text.TIM_OC4_SetConfig
                0x0000000008005de4       0xac ./Drivers/STM32F4xx_HAL_Driver/Src/stm32f4xx_hal_tim.o
 .text.TIM_TI1_ConfigInputStage
                0x0000000008005e90       0x5e ./Drivers/STM32F4xx_HAL_Driver/Src/stm32f4xx_hal_tim.o
 .text.TIM_TI2_ConfigInputStage
                0x0000000008005eee       0x60 ./Drivers/STM32F4xx_HAL_Driver/Src/stm32f4xx_hal_tim.o
 .text.TIM_ITRx_SetConfig
                0x0000000008005f4e       0x36 ./Drivers/STM32F4xx_HAL_Driver/Src/stm32f4xx_hal_tim.o
 .text.TIM_ETR_SetConfig
                0x0000000008005f84       0x40 ./Drivers/STM32F4xx_HAL_Driver/Src/stm32f4xx_hal_tim.o
                0x0000000008005f84                TIM_ETR_SetConfig
 .text.TIM_CCxChannelCmd
                0x0000000008005fc4       0x4a ./Drivers/STM32F4xx_HAL_Driver/Src/stm32f4xx_hal_tim.o
                0x0000000008005fc4                TIM_CCxChannelCmd
 *fill*         0x000000000800600e        0x2 
 .text.HAL_TIMEx_MasterConfigSynchronization
                0x0000000008006010       0xf8 ./Drivers/STM32F4xx_HAL_Driver/Src/stm32f4xx_hal_tim_ex.o
                0x0000000008006010                HAL_TIMEx_MasterConfigSynchronization
 .text.HAL_TIMEx_CommutCallback
                0x0000000008006108       0x14 ./Drivers/STM32F4xx_HAL_Driver/Src/stm32f4xx_hal_tim_ex.o
                0x0000000008006108                HAL_TIMEx_CommutCallback
 .text.HAL_TIMEx_BreakCallback
                0x000000000800611c       0x14 ./Drivers/STM32F4xx_HAL_Driver/Src/stm32f4xx_hal_tim_ex.o
                0x000000000800611c                HAL_TIMEx_BreakCallback
 .text.USB_CoreInit
                0x0000000008006130       0xc2 ./Drivers/STM32F4xx_HAL_Driver/Src/stm32f4xx_ll_usb.o
                0x0000000008006130                USB_CoreInit
 .text.USB_EnableGlobalInt
                0x00000000080061f2       0x22 ./Drivers/STM32F4xx_HAL_Driver/Src/stm32f4xx_ll_usb.o
                0x00000000080061f2                USB_EnableGlobalInt
 .text.USB_DisableGlobalInt
                0x0000000008006214       0x22 ./Drivers/STM32F4xx_HAL_Driver/Src/stm32f4xx_ll_usb.o
                0x0000000008006214                USB_DisableGlobalInt
 .text.USB_SetCurrentMode
                0x0000000008006236       0x98 ./Drivers/STM32F4xx_HAL_Driver/Src/stm32f4xx_ll_usb.o
                0x0000000008006236                USB_SetCurrentMode
 *fill*         0x00000000080062ce        0x2 
 .text.USB_FlushTxFifo
                0x00000000080062d0       0x68 ./Drivers/STM32F4xx_HAL_Driver/Src/stm32f4xx_ll_usb.o
                0x00000000080062d0                USB_FlushTxFifo
 .text.USB_FlushRxFifo
                0x0000000008006338       0x60 ./Drivers/STM32F4xx_HAL_Driver/Src/stm32f4xx_ll_usb.o
                0x0000000008006338                USB_FlushRxFifo
 .text.USB_WritePacket
                0x0000000008006398       0x7c ./Drivers/STM32F4xx_HAL_Driver/Src/stm32f4xx_ll_usb.o
                0x0000000008006398                USB_WritePacket
 .text.USB_ReadPacket
                0x0000000008006414       0xb0 ./Drivers/STM32F4xx_HAL_Driver/Src/stm32f4xx_ll_usb.o
                0x0000000008006414                USB_ReadPacket
 .text.USB_ReadInterrupts
                0x00000000080064c4       0x26 ./Drivers/STM32F4xx_HAL_Driver/Src/stm32f4xx_ll_usb.o
                0x00000000080064c4                USB_ReadInterrupts
 .text.USB_GetMode
                0x00000000080064ea       0x1c ./Drivers/STM32F4xx_HAL_Driver/Src/stm32f4xx_ll_usb.o
                0x00000000080064ea                USB_GetMode
 *fill*         0x0000000008006506        0x2 
 .text.USB_CoreReset
                0x0000000008006508       0x68 ./Drivers/STM32F4xx_HAL_Driver/Src/stm32f4xx_ll_usb.o
 .text.USB_HostInit
                0x0000000008006570      0x180 ./Drivers/STM32F4xx_HAL_Driver/Src/stm32f4xx_ll_usb.o
                0x0000000008006570                USB_HostInit
 .text.USB_InitFSLSPClkSel
                0x00000000080066f0       0x74 ./Drivers/STM32F4xx_HAL_Driver/Src/stm32f4xx_ll_usb.o
                0x00000000080066f0                USB_InitFSLSPClkSel
 .text.USB_ResetPort
                0x0000000008006764       0x54 ./Drivers/STM32F4xx_HAL_Driver/Src/stm32f4xx_ll_usb.o
                0x0000000008006764                USB_ResetPort
 .text.USB_DriveVbus
                0x00000000080067b8       0x72 ./Drivers/STM32F4xx_HAL_Driver/Src/stm32f4xx_ll_usb.o
                0x00000000080067b8                USB_DriveVbus
 .text.USB_GetHostSpeed
                0x000000000800682a       0x2e ./Drivers/STM32F4xx_HAL_Driver/Src/stm32f4xx_ll_usb.o
                0x000000000800682a                USB_GetHostSpeed
 .text.USB_GetCurrentFrame
                0x0000000008006858       0x22 ./Drivers/STM32F4xx_HAL_Driver/Src/stm32f4xx_ll_usb.o
                0x0000000008006858                USB_GetCurrentFrame
 *fill*         0x000000000800687a        0x2 
 .text.USB_HC_Init
                0x000000000800687c      0x244 ./Drivers/STM32F4xx_HAL_Driver/Src/stm32f4xx_ll_usb.o
                0x000000000800687c                USB_HC_Init
 .text.USB_HC_StartXfer
                0x0000000008006ac0      0x284 ./Drivers/STM32F4xx_HAL_Driver/Src/stm32f4xx_ll_usb.o
                0x0000000008006ac0                USB_HC_StartXfer
 .text.USB_HC_ReadInterrupt
                0x0000000008006d44       0x22 ./Drivers/STM32F4xx_HAL_Driver/Src/stm32f4xx_ll_usb.o
                0x0000000008006d44                USB_HC_ReadInterrupt
 .text.USB_HC_Halt
                0x0000000008006d66      0x1f8 ./Drivers/STM32F4xx_HAL_Driver/Src/stm32f4xx_ll_usb.o
                0x0000000008006d66                USB_HC_Halt
 *fill*         0x0000000008006f5e        0x2 
 .text.USB_DoPing
                0x0000000008006f60       0x78 ./Drivers/STM32F4xx_HAL_Driver/Src/stm32f4xx_ll_usb.o
                0x0000000008006f60                USB_DoPing
 .text.USB_StopHost
                0x0000000008006fd8      0x124 ./Drivers/STM32F4xx_HAL_Driver/Src/stm32f4xx_ll_usb.o
                0x0000000008006fd8                USB_StopHost
 .text.USBH_CDC_InterfaceInit
                0x00000000080070fc      0x2ac ./Middlewares/ST/STM32_USB_Host_Library/Class/CDC/Src/usbh_cdc.o
 .text.USBH_CDC_InterfaceDeInit
                0x00000000080073a8       0xb2 ./Middlewares/ST/STM32_USB_Host_Library/Class/CDC/Src/usbh_cdc.o
 .text.USBH_CDC_ClassRequest
                0x000000000800745a       0x3e ./Middlewares/ST/STM32_USB_Host_Library/Class/CDC/Src/usbh_cdc.o
 .text.USBH_CDC_Process
                0x0000000008007498      0x12c ./Middlewares/ST/STM32_USB_Host_Library/Class/CDC/Src/usbh_cdc.o
 .text.USBH_CDC_SOFProcess
                0x00000000080075c4       0x16 ./Middlewares/ST/STM32_USB_Host_Library/Class/CDC/Src/usbh_cdc.o
 .text.GetLineCoding
                0x00000000080075da       0x3e ./Middlewares/ST/STM32_USB_Host_Library/Class/CDC/Src/usbh_cdc.o
 .text.SetLineCoding
                0x0000000008007618       0x3e ./Middlewares/ST/STM32_USB_Host_Library/Class/CDC/Src/usbh_cdc.o
 .text.CDC_ProcessTransmission
                0x0000000008007656      0x124 ./Middlewares/ST/STM32_USB_Host_Library/Class/CDC/Src/usbh_cdc.o
 .text.CDC_ProcessReception
                0x000000000800777a       0xd2 ./Middlewares/ST/STM32_USB_Host_Library/Class/CDC/Src/usbh_cdc.o
 .text.USBH_CDC_TransmitCallback
                0x000000000800784c       0x14 ./Middlewares/ST/STM32_USB_Host_Library/Class/CDC/Src/usbh_cdc.o
                0x000000000800784c                USBH_CDC_TransmitCallback
 .text.USBH_CDC_ReceiveCallback
                0x0000000008007860       0x14 ./Middlewares/ST/STM32_USB_Host_Library/Class/CDC/Src/usbh_cdc.o
                0x0000000008007860                USBH_CDC_ReceiveCallback
 .text.USBH_CDC_LineCodingChanged
                0x0000000008007874       0x14 ./Middlewares/ST/STM32_USB_Host_Library/Class/CDC/Src/usbh_cdc.o
                0x0000000008007874                USBH_CDC_LineCodingChanged
 .text.USBH_Init
                0x0000000008007888       0xb8 ./Middlewares/ST/STM32_USB_Host_Library/Core/Src/usbh_core.o
                0x0000000008007888                USBH_Init
 .text.DeInitStateMachine
                0x0000000008007940       0xa8 ./Middlewares/ST/STM32_USB_Host_Library/Core/Src/usbh_core.o
 .text.USBH_RegisterClass
                0x00000000080079e8       0x54 ./Middlewares/ST/STM32_USB_Host_Library/Core/Src/usbh_core.o
                0x00000000080079e8                USBH_RegisterClass
 .text.USBH_SelectInterface
                0x0000000008007a3c       0x38 ./Middlewares/ST/STM32_USB_Host_Library/Core/Src/usbh_core.o
                0x0000000008007a3c                USBH_SelectInterface
 .text.USBH_FindInterface
                0x0000000008007a74       0x8c ./Middlewares/ST/STM32_USB_Host_Library/Core/Src/usbh_core.o
                0x0000000008007a74                USBH_FindInterface
 .text.USBH_Start
                0x0000000008007b00       0x20 ./Middlewares/ST/STM32_USB_Host_Library/Core/Src/usbh_core.o
                0x0000000008007b00                USBH_Start
 .text.USBH_Process
                0x0000000008007b20      0x4d8 ./Middlewares/ST/STM32_USB_Host_Library/Core/Src/usbh_core.o
                0x0000000008007b20                USBH_Process
 .text.USBH_HandleEnum
                0x0000000008007ff8      0x458 ./Middlewares/ST/STM32_USB_Host_Library/Core/Src/usbh_core.o
 .text.USBH_LL_SetTimer
                0x0000000008008450       0x1e ./Middlewares/ST/STM32_USB_Host_Library/Core/Src/usbh_core.o
                0x0000000008008450                USBH_LL_SetTimer
 .text.USBH_LL_IncTimer
                0x000000000800846e       0x24 ./Middlewares/ST/STM32_USB_Host_Library/Core/Src/usbh_core.o
                0x000000000800846e                USBH_LL_IncTimer
 .text.USBH_HandleSof
                0x0000000008008492       0x30 ./Middlewares/ST/STM32_USB_Host_Library/Core/Src/usbh_core.o
 .text.USBH_LL_PortEnabled
                0x00000000080084c2       0x34 ./Middlewares/ST/STM32_USB_Host_Library/Core/Src/usbh_core.o
                0x00000000080084c2                USBH_LL_PortEnabled
 .text.USBH_LL_PortDisabled
                0x00000000080084f6       0x1c ./Middlewares/ST/STM32_USB_Host_Library/Core/Src/usbh_core.o
                0x00000000080084f6                USBH_LL_PortDisabled
 .text.USBH_LL_Connect
                0x0000000008008512       0x46 ./Middlewares/ST/STM32_USB_Host_Library/Core/Src/usbh_core.o
                0x0000000008008512                USBH_LL_Connect
 .text.USBH_LL_Disconnect
                0x0000000008008558       0x64 ./Middlewares/ST/STM32_USB_Host_Library/Core/Src/usbh_core.o
                0x0000000008008558                USBH_LL_Disconnect
 .text.USBH_Process_OS
                0x00000000080085bc       0x2e ./Middlewares/ST/STM32_USB_Host_Library/Core/Src/usbh_core.o
 .text.USBH_LL_NotifyURBChange
                0x00000000080085ea       0x2e ./Middlewares/ST/STM32_USB_Host_Library/Core/Src/usbh_core.o
                0x00000000080085ea                USBH_LL_NotifyURBChange
 .text.USBH_Get_DevDesc
                0x0000000008008618       0x50 ./Middlewares/ST/STM32_USB_Host_Library/Core/Src/usbh_ctlreq.o
                0x0000000008008618                USBH_Get_DevDesc
 .text.USBH_Get_CfgDesc
                0x0000000008008668       0x48 ./Middlewares/ST/STM32_USB_Host_Library/Core/Src/usbh_ctlreq.o
                0x0000000008008668                USBH_Get_CfgDesc
 .text.USBH_Get_StringDesc
                0x00000000080086b0       0x56 ./Middlewares/ST/STM32_USB_Host_Library/Core/Src/usbh_ctlreq.o
                0x00000000080086b0                USBH_Get_StringDesc
 .text.USBH_GetDescriptor
                0x0000000008008706       0x6a ./Middlewares/ST/STM32_USB_Host_Library/Core/Src/usbh_ctlreq.o
                0x0000000008008706                USBH_GetDescriptor
 .text.USBH_SetAddress
                0x0000000008008770       0x48 ./Middlewares/ST/STM32_USB_Host_Library/Core/Src/usbh_ctlreq.o
                0x0000000008008770                USBH_SetAddress
 .text.USBH_SetCfg
                0x00000000080087b8       0x46 ./Middlewares/ST/STM32_USB_Host_Library/Core/Src/usbh_ctlreq.o
                0x00000000080087b8                USBH_SetCfg
 .text.USBH_SetFeature
                0x00000000080087fe       0x48 ./Middlewares/ST/STM32_USB_Host_Library/Core/Src/usbh_ctlreq.o
                0x00000000080087fe                USBH_SetFeature
 .text.USBH_ClrFeature
                0x0000000008008846       0x48 ./Middlewares/ST/STM32_USB_Host_Library/Core/Src/usbh_ctlreq.o
                0x0000000008008846                USBH_ClrFeature
 *fill*         0x000000000800888e        0x2 
 .text.USBH_ParseDevDesc
                0x0000000008008890      0x124 ./Middlewares/ST/STM32_USB_Host_Library/Core/Src/usbh_ctlreq.o
 .text.USBH_ParseCfgDesc
                0x00000000080089b4      0x1ec ./Middlewares/ST/STM32_USB_Host_Library/Core/Src/usbh_ctlreq.o
 .text.USBH_ParseInterfaceDesc
                0x0000000008008ba0       0x5e ./Middlewares/ST/STM32_USB_Host_Library/Core/Src/usbh_ctlreq.o
 .text.USBH_ParseEPDesc
                0x0000000008008bfe      0x14a ./Middlewares/ST/STM32_USB_Host_Library/Core/Src/usbh_ctlreq.o
 .text.USBH_ParseStringDesc
                0x0000000008008d48       0x66 ./Middlewares/ST/STM32_USB_Host_Library/Core/Src/usbh_ctlreq.o
 .text.USBH_GetNextDesc
                0x0000000008008dae       0x36 ./Middlewares/ST/STM32_USB_Host_Library/Core/Src/usbh_ctlreq.o
                0x0000000008008dae                USBH_GetNextDesc
 .text.USBH_CtlReq
                0x0000000008008de4       0xb2 ./Middlewares/ST/STM32_USB_Host_Library/Core/Src/usbh_ctlreq.o
                0x0000000008008de4                USBH_CtlReq
 *fill*         0x0000000008008e96        0x2 
 .text.USBH_HandleControl
                0x0000000008008e98      0x490 ./Middlewares/ST/STM32_USB_Host_Library/Core/Src/usbh_ctlreq.o
 .text.USBH_CtlSendSetup
                0x0000000008009328       0x34 ./Middlewares/ST/STM32_USB_Host_Library/Core/Src/usbh_ioreq.o
                0x0000000008009328                USBH_CtlSendSetup
 .text.USBH_CtlSendData
                0x000000000800935c       0x4a ./Middlewares/ST/STM32_USB_Host_Library/Core/Src/usbh_ioreq.o
                0x000000000800935c                USBH_CtlSendData
 .text.USBH_CtlReceiveData
                0x00000000080093a6       0x3c ./Middlewares/ST/STM32_USB_Host_Library/Core/Src/usbh_ioreq.o
                0x00000000080093a6                USBH_CtlReceiveData
 .text.USBH_BulkSendData
                0x00000000080093e2       0x4a ./Middlewares/ST/STM32_USB_Host_Library/Core/Src/usbh_ioreq.o
                0x00000000080093e2                USBH_BulkSendData
 .text.USBH_BulkReceiveData
                0x000000000800942c       0x3c ./Middlewares/ST/STM32_USB_Host_Library/Core/Src/usbh_ioreq.o
                0x000000000800942c                USBH_BulkReceiveData
 .text.USBH_OpenPipe
                0x0000000008009468       0x3e ./Middlewares/ST/STM32_USB_Host_Library/Core/Src/usbh_pipes.o
                0x0000000008009468                USBH_OpenPipe
 .text.USBH_ClosePipe
                0x00000000080094a6       0x20 ./Middlewares/ST/STM32_USB_Host_Library/Core/Src/usbh_pipes.o
                0x00000000080094a6                USBH_ClosePipe
 .text.USBH_AllocPipe
                0x00000000080094c6       0x42 ./Middlewares/ST/STM32_USB_Host_Library/Core/Src/usbh_pipes.o
                0x00000000080094c6                USBH_AllocPipe
 .text.USBH_FreePipe
                0x0000000008009508       0x3c ./Middlewares/ST/STM32_USB_Host_Library/Core/Src/usbh_pipes.o
                0x0000000008009508                USBH_FreePipe
 .text.USBH_GetFreePipe
                0x0000000008009544       0x48 ./Middlewares/ST/STM32_USB_Host_Library/Core/Src/usbh_pipes.o
 .text.__NVIC_SetPriority
                0x000000000800958c       0x54 ./Middlewares/Third_Party/FreeRTOS/Source/CMSIS_RTOS_V2/cmsis_os2.o
 .text.SysTick_Handler
                0x00000000080095e0       0x20 ./Middlewares/Third_Party/FreeRTOS/Source/CMSIS_RTOS_V2/cmsis_os2.o
                0x00000000080095e0                SysTick_Handler
 .text.SVC_Setup
                0x0000000008009600       0x12 ./Middlewares/Third_Party/FreeRTOS/Source/CMSIS_RTOS_V2/cmsis_os2.o
 *fill*         0x0000000008009612        0x2 
 .text.osKernelInitialize
                0x0000000008009614       0x48 ./Middlewares/Third_Party/FreeRTOS/Source/CMSIS_RTOS_V2/cmsis_os2.o
                0x0000000008009614                osKernelInitialize
 .text.osKernelStart
                0x000000000800965c       0x4c ./Middlewares/Third_Party/FreeRTOS/Source/CMSIS_RTOS_V2/cmsis_os2.o
                0x000000000800965c                osKernelStart
 .text.osThreadNew
                0x00000000080096a8      0x124 ./Middlewares/Third_Party/FreeRTOS/Source/CMSIS_RTOS_V2/cmsis_os2.o
                0x00000000080096a8                osThreadNew
 .text.osDelay  0x00000000080097cc       0x36 ./Middlewares/Third_Party/FreeRTOS/Source/CMSIS_RTOS_V2/cmsis_os2.o
                0x00000000080097cc                osDelay
 .text.osMessageQueueNew
                0x0000000008009802       0xe6 ./Middlewares/Third_Party/FreeRTOS/Source/CMSIS_RTOS_V2/cmsis_os2.o
                0x0000000008009802                osMessageQueueNew
 .text.osMessageQueuePut
                0x00000000080098e8       0xc0 ./Middlewares/Third_Party/FreeRTOS/Source/CMSIS_RTOS_V2/cmsis_os2.o
                0x00000000080098e8                osMessageQueuePut
 .text.osMessageQueueGet
                0x00000000080099a8       0xbc ./Middlewares/Third_Party/FreeRTOS/Source/CMSIS_RTOS_V2/cmsis_os2.o
                0x00000000080099a8                osMessageQueueGet
 .text.osMessageQueueGetCount
                0x0000000008009a64       0x40 ./Middlewares/Third_Party/FreeRTOS/Source/CMSIS_RTOS_V2/cmsis_os2.o
                0x0000000008009a64                osMessageQueueGetCount
 .text.vApplicationGetIdleTaskMemory
                0x0000000008009aa4       0x34 ./Middlewares/Third_Party/FreeRTOS/Source/CMSIS_RTOS_V2/cmsis_os2.o
                0x0000000008009aa4                vApplicationGetIdleTaskMemory
 .text.vApplicationGetTimerTaskMemory
                0x0000000008009ad8       0x34 ./Middlewares/Third_Party/FreeRTOS/Source/CMSIS_RTOS_V2/cmsis_os2.o
                0x0000000008009ad8                vApplicationGetTimerTaskMemory
 .text.vListInitialise
                0x0000000008009b0c       0x40 ./Middlewares/Third_Party/FreeRTOS/Source/list.o
                0x0000000008009b0c                vListInitialise
 .text.vListInitialiseItem
                0x0000000008009b4c       0x1a ./Middlewares/Third_Party/FreeRTOS/Source/list.o
                0x0000000008009b4c                vListInitialiseItem
 .text.vListInsertEnd
                0x0000000008009b66       0x48 ./Middlewares/Third_Party/FreeRTOS/Source/list.o
                0x0000000008009b66                vListInsertEnd
 .text.vListInsert
                0x0000000008009bae       0x72 ./Middlewares/Third_Party/FreeRTOS/Source/list.o
                0x0000000008009bae                vListInsert
 .text.uxListRemove
                0x0000000008009c20       0x54 ./Middlewares/Third_Party/FreeRTOS/Source/list.o
                0x0000000008009c20                uxListRemove
 .text.xQueueGenericReset
                0x0000000008009c74       0xd0 ./Middlewares/Third_Party/FreeRTOS/Source/queue.o
                0x0000000008009c74                xQueueGenericReset
 .text.xQueueGenericCreateStatic
                0x0000000008009d44       0xf0 ./Middlewares/Third_Party/FreeRTOS/Source/queue.o
                0x0000000008009d44                xQueueGenericCreateStatic
 .text.xQueueGenericCreate
                0x0000000008009e34       0x74 ./Middlewares/Third_Party/FreeRTOS/Source/queue.o
                0x0000000008009e34                xQueueGenericCreate
 .text.prvInitialiseNewQueue
                0x0000000008009ea8       0x46 ./Middlewares/Third_Party/FreeRTOS/Source/queue.o
 *fill*         0x0000000008009eee        0x2 
 .text.xQueueGenericSend
                0x0000000008009ef0      0x1fc ./Middlewares/Third_Party/FreeRTOS/Source/queue.o
                0x0000000008009ef0                xQueueGenericSend
 .text.xQueueGenericSendFromISR
                0x000000000800a0ec      0x136 ./Middlewares/Third_Party/FreeRTOS/Source/queue.o
                0x000000000800a0ec                xQueueGenericSendFromISR
 *fill*         0x000000000800a222        0x2 
 .text.xQueueReceive
                0x000000000800a224      0x1c0 ./Middlewares/Third_Party/FreeRTOS/Source/queue.o
                0x000000000800a224                xQueueReceive
 .text.xQueueReceiveFromISR
                0x000000000800a3e4      0x100 ./Middlewares/Third_Party/FreeRTOS/Source/queue.o
                0x000000000800a3e4                xQueueReceiveFromISR
 .text.uxQueueMessagesWaiting
                0x000000000800a4e4       0x3c ./Middlewares/Third_Party/FreeRTOS/Source/queue.o
                0x000000000800a4e4                uxQueueMessagesWaiting
 .text.uxQueueMessagesWaitingFromISR
                0x000000000800a520       0x3c ./Middlewares/Third_Party/FreeRTOS/Source/queue.o
                0x000000000800a520                uxQueueMessagesWaitingFromISR
 .text.prvCopyDataToQueue
                0x000000000800a55c       0xd4 ./Middlewares/Third_Party/FreeRTOS/Source/queue.o
 .text.prvCopyDataFromQueue
                0x000000000800a630       0x4c ./Middlewares/Third_Party/FreeRTOS/Source/queue.o
 .text.prvUnlockQueue
                0x000000000800a67c       0xa4 ./Middlewares/Third_Party/FreeRTOS/Source/queue.o
 .text.prvIsQueueEmpty
                0x000000000800a720       0x2c ./Middlewares/Third_Party/FreeRTOS/Source/queue.o
 .text.prvIsQueueFull
                0x000000000800a74c       0x30 ./Middlewares/Third_Party/FreeRTOS/Source/queue.o
 .text.vQueueAddToRegistry
                0x000000000800a77c       0x54 ./Middlewares/Third_Party/FreeRTOS/Source/queue.o
                0x000000000800a77c                vQueueAddToRegistry
 .text.vQueueWaitForMessageRestricted
                0x000000000800a7d0       0x68 ./Middlewares/Third_Party/FreeRTOS/Source/queue.o
                0x000000000800a7d0                vQueueWaitForMessageRestricted
 .text.xTaskCreateStatic
                0x000000000800a838       0xba ./Middlewares/Third_Party/FreeRTOS/Source/tasks.o
                0x000000000800a838                xTaskCreateStatic
 .text.xTaskCreate
                0x000000000800a8f2       0x8a ./Middlewares/Third_Party/FreeRTOS/Source/tasks.o
                0x000000000800a8f2                xTaskCreate
 .text.prvInitialiseNewTask
                0x000000000800a97c      0x14c ./Middlewares/Third_Party/FreeRTOS/Source/tasks.o
 .text.prvAddNewTaskToReadyList
                0x000000000800aac8       0xe0 ./Middlewares/Third_Party/FreeRTOS/Source/tasks.o
 .text.vTaskDelay
                0x000000000800aba8       0x68 ./Middlewares/Third_Party/FreeRTOS/Source/tasks.o
                0x000000000800aba8                vTaskDelay
 .text.vTaskStartScheduler
                0x000000000800ac10       0xe0 ./Middlewares/Third_Party/FreeRTOS/Source/tasks.o
                0x000000000800ac10                vTaskStartScheduler
 .text.vTaskSuspendAll
                0x000000000800acf0       0x1c ./Middlewares/Third_Party/FreeRTOS/Source/tasks.o
                0x000000000800acf0                vTaskSuspendAll
 .text.xTaskResumeAll
                0x000000000800ad0c      0x13c ./Middlewares/Third_Party/FreeRTOS/Source/tasks.o
                0x000000000800ad0c                xTaskResumeAll
 .text.xTaskGetTickCount
                0x000000000800ae48       0x20 ./Middlewares/Third_Party/FreeRTOS/Source/tasks.o
                0x000000000800ae48                xTaskGetTickCount
 .text.xTaskIncrementTick
                0x000000000800ae68      0x174 ./Middlewares/Third_Party/FreeRTOS/Source/tasks.o
                0x000000000800ae68                xTaskIncrementTick
 .text.vTaskSwitchContext
                0x000000000800afdc       0xc8 ./Middlewares/Third_Party/FreeRTOS/Source/tasks.o
                0x000000000800afdc                vTaskSwitchContext
 .text.vTaskPlaceOnEventList
                0x000000000800b0a4       0x48 ./Middlewares/Third_Party/FreeRTOS/Source/tasks.o
                0x000000000800b0a4                vTaskPlaceOnEventList
 .text.vTaskPlaceOnEventListRestricted
                0x000000000800b0ec       0x58 ./Middlewares/Third_Party/FreeRTOS/Source/tasks.o
                0x000000000800b0ec                vTaskPlaceOnEventListRestricted
 .text.xTaskRemoveFromEventList
                0x000000000800b144       0xc8 ./Middlewares/Third_Party/FreeRTOS/Source/tasks.o
                0x000000000800b144                xTaskRemoveFromEventList
 .text.vTaskInternalSetTimeOutState
                0x000000000800b20c       0x2c ./Middlewares/Third_Party/FreeRTOS/Source/tasks.o
                0x000000000800b20c                vTaskInternalSetTimeOutState
 .text.xTaskCheckForTimeOut
                0x000000000800b238       0xc4 ./Middlewares/Third_Party/FreeRTOS/Source/tasks.o
                0x000000000800b238                xTaskCheckForTimeOut
 .text.vTaskMissedYield
                0x000000000800b2fc       0x18 ./Middlewares/Third_Party/FreeRTOS/Source/tasks.o
                0x000000000800b2fc                vTaskMissedYield
 .text.prvIdleTask
                0x000000000800b314       0x30 ./Middlewares/Third_Party/FreeRTOS/Source/tasks.o
 .text.prvInitialiseTaskLists
                0x000000000800b344       0x80 ./Middlewares/Third_Party/FreeRTOS/Source/tasks.o
 .text.prvCheckTasksWaitingTermination
                0x000000000800b3c4       0x5c ./Middlewares/Third_Party/FreeRTOS/Source/tasks.o
 .text.prvDeleteTCB
                0x000000000800b420       0x68 ./Middlewares/Third_Party/FreeRTOS/Source/tasks.o
 .text.prvResetNextTaskUnblockTime
                0x000000000800b488       0x40 ./Middlewares/Third_Party/FreeRTOS/Source/tasks.o
 .text.xTaskGetSchedulerState
                0x000000000800b4c8       0x3c ./Middlewares/Third_Party/FreeRTOS/Source/tasks.o
                0x000000000800b4c8                xTaskGetSchedulerState
 .text.xTaskPriorityDisinherit
                0x000000000800b504       0xdc ./Middlewares/Third_Party/FreeRTOS/Source/tasks.o
                0x000000000800b504                xTaskPriorityDisinherit
 .text.prvAddCurrentTaskToDelayedList
                0x000000000800b5e0       0xa8 ./Middlewares/Third_Party/FreeRTOS/Source/tasks.o
 .text.xTimerCreateTimerTask
                0x000000000800b688       0x90 ./Middlewares/Third_Party/FreeRTOS/Source/timers.o
                0x000000000800b688                xTimerCreateTimerTask
 .text.xTimerGenericCommand
                0x000000000800b718       0x9c ./Middlewares/Third_Party/FreeRTOS/Source/timers.o
                0x000000000800b718                xTimerGenericCommand
 .text.prvProcessExpiredTimer
                0x000000000800b7b4       0x98 ./Middlewares/Third_Party/FreeRTOS/Source/timers.o
 .text.prvTimerTask
                0x000000000800b84c       0x24 ./Middlewares/Third_Party/FreeRTOS/Source/timers.o
 .text.prvProcessTimerOrBlockTask
                0x000000000800b870       0x9c ./Middlewares/Third_Party/FreeRTOS/Source/timers.o
 .text.prvGetNextExpireTime
                0x000000000800b90c       0x48 ./Middlewares/Third_Party/FreeRTOS/Source/timers.o
 .text.prvSampleTimeNow
                0x000000000800b954       0x40 ./Middlewares/Third_Party/FreeRTOS/Source/timers.o
 .text.prvInsertTimerInActiveList
                0x000000000800b994       0x84 ./Middlewares/Third_Party/FreeRTOS/Source/timers.o
 .text.prvProcessReceivedCommands
                0x000000000800ba18      0x1c4 ./Middlewares/Third_Party/FreeRTOS/Source/timers.o
 .text.prvSwitchTimerLists
                0x000000000800bbdc       0xc8 ./Middlewares/Third_Party/FreeRTOS/Source/timers.o
 .text.prvCheckForValidListAndQueue
                0x000000000800bca4       0x80 ./Middlewares/Third_Party/FreeRTOS/Source/timers.o
 .text.pxPortInitialiseStack
                0x000000000800bd24       0x68 ./Middlewares/Third_Party/FreeRTOS/Source/portable/GCC/ARM_CM4F/port.o
                0x000000000800bd24                pxPortInitialiseStack
 .text.prvTaskExitError
                0x000000000800bd8c       0x58 ./Middlewares/Third_Party/FreeRTOS/Source/portable/GCC/ARM_CM4F/port.o
 *fill*         0x000000000800bde4        0xc 
 .text.SVC_Handler
                0x000000000800bdf0       0x28 ./Middlewares/Third_Party/FreeRTOS/Source/portable/GCC/ARM_CM4F/port.o
                0x000000000800bdf0                SVC_Handler
 .text.prvPortStartFirstTask
                0x000000000800be18       0x28 ./Middlewares/Third_Party/FreeRTOS/Source/portable/GCC/ARM_CM4F/port.o
 .text.xPortStartScheduler
                0x000000000800be40      0x144 ./Middlewares/Third_Party/FreeRTOS/Source/portable/GCC/ARM_CM4F/port.o
                0x000000000800be40                xPortStartScheduler
 .text.vPortEnterCritical
                0x000000000800bf84       0x60 ./Middlewares/Third_Party/FreeRTOS/Source/portable/GCC/ARM_CM4F/port.o
                0x000000000800bf84                vPortEnterCritical
 .text.vPortExitCritical
                0x000000000800bfe4       0x54 ./Middlewares/Third_Party/FreeRTOS/Source/portable/GCC/ARM_CM4F/port.o
                0x000000000800bfe4                vPortExitCritical
 *fill*         0x000000000800c038        0x8 
 .text.PendSV_Handler
                0x000000000800c040       0x68 ./Middlewares/Third_Party/FreeRTOS/Source/portable/GCC/ARM_CM4F/port.o
                0x000000000800c040                PendSV_Handler
 .text.xPortSysTickHandler
                0x000000000800c0a8       0x44 ./Middlewares/Third_Party/FreeRTOS/Source/portable/GCC/ARM_CM4F/port.o
                0x000000000800c0a8                xPortSysTickHandler
 .text.vPortSetupTimerInterrupt
                0x000000000800c0ec       0x48 ./Middlewares/Third_Party/FreeRTOS/Source/portable/GCC/ARM_CM4F/port.o
                0x000000000800c0ec                vPortSetupTimerInterrupt
 .text.vPortEnableVFP
                0x000000000800c134       0x14 ./Middlewares/Third_Party/FreeRTOS/Source/portable/GCC/ARM_CM4F/port.o
 .text.vPortValidateInterruptPriority
                0x000000000800c148       0x80 ./Middlewares/Third_Party/FreeRTOS/Source/portable/GCC/ARM_CM4F/port.o
                0x000000000800c148                vPortValidateInterruptPriority
 .text.pvPortMalloc
                0x000000000800c1c8      0x198 ./Middlewares/Third_Party/FreeRTOS/Source/portable/MemMang/heap_4.o
                0x000000000800c1c8                pvPortMalloc
 .text.vPortFree
                0x000000000800c360       0xc4 ./Middlewares/Third_Party/FreeRTOS/Source/portable/MemMang/heap_4.o
                0x000000000800c360                vPortFree
 .text.prvHeapInit
                0x000000000800c424       0xc4 ./Middlewares/Third_Party/FreeRTOS/Source/portable/MemMang/heap_4.o
 .text.prvInsertBlockIntoFreeList
                0x000000000800c4e8       0xb4 ./Middlewares/Third_Party/FreeRTOS/Source/portable/MemMang/heap_4.o
 .text.MX_USB_HOST_Init
                0x000000000800c59c       0x4c ./USB_HOST/App/usb_host.o
                0x000000000800c59c                MX_USB_HOST_Init
 .text.USBH_UserProcess
                0x000000000800c5e8       0x5c ./USB_HOST/App/usb_host.o
 .text.HAL_HCD_MspInit
                0x000000000800c644       0xc4 ./USB_HOST/Target/usbh_conf.o
                0x000000000800c644                HAL_HCD_MspInit
 .text.HAL_HCD_SOF_Callback
                0x000000000800c708       0x1c ./USB_HOST/Target/usbh_conf.o
                0x000000000800c708                HAL_HCD_SOF_Callback
 .text.HAL_HCD_Connect_Callback
                0x000000000800c724       0x1c ./USB_HOST/Target/usbh_conf.o
                0x000000000800c724                HAL_HCD_Connect_Callback
 .text.HAL_HCD_Disconnect_Callback
                0x000000000800c740       0x1c ./USB_HOST/Target/usbh_conf.o
                0x000000000800c740                HAL_HCD_Disconnect_Callback
 .text.HAL_HCD_HC_NotifyURBChange_Callback
                0x000000000800c75c       0x24 ./USB_HOST/Target/usbh_conf.o
                0x000000000800c75c                HAL_HCD_HC_NotifyURBChange_Callback
 .text.HAL_HCD_PortEnabled_Callback
                0x000000000800c780       0x1c ./USB_HOST/Target/usbh_conf.o
                0x000000000800c780                HAL_HCD_PortEnabled_Callback
 .text.HAL_HCD_PortDisabled_Callback
                0x000000000800c79c       0x1c ./USB_HOST/Target/usbh_conf.o
                0x000000000800c79c                HAL_HCD_PortDisabled_Callback
 .text.USBH_LL_Init
                0x000000000800c7b8       0x78 ./USB_HOST/Target/usbh_conf.o
                0x000000000800c7b8                USBH_LL_Init
 .text.USBH_LL_Start
                0x000000000800c830       0x36 ./USB_HOST/Target/usbh_conf.o
                0x000000000800c830                USBH_LL_Start
 .text.USBH_LL_Stop
                0x000000000800c866       0x36 ./USB_HOST/Target/usbh_conf.o
                0x000000000800c866                USBH_LL_Stop
 .text.USBH_LL_GetSpeed
                0x000000000800c89c       0x4e ./USB_HOST/Target/usbh_conf.o
                0x000000000800c89c                USBH_LL_GetSpeed
 .text.USBH_LL_ResetPort
                0x000000000800c8ea       0x36 ./USB_HOST/Target/usbh_conf.o
                0x000000000800c8ea                USBH_LL_ResetPort
 .text.USBH_LL_GetLastXferSize
                0x000000000800c920       0x26 ./USB_HOST/Target/usbh_conf.o
                0x000000000800c920                USBH_LL_GetLastXferSize
 .text.USBH_LL_OpenPipe
                0x000000000800c946       0x5e ./USB_HOST/Target/usbh_conf.o
                0x000000000800c946                USBH_LL_OpenPipe
 .text.USBH_LL_ClosePipe
                0x000000000800c9a4       0x3e ./USB_HOST/Target/usbh_conf.o
                0x000000000800c9a4                USBH_LL_ClosePipe
 .text.USBH_LL_SubmitURB
                0x000000000800c9e2       0x62 ./USB_HOST/Target/usbh_conf.o
                0x000000000800c9e2                USBH_LL_SubmitURB
 .text.USBH_LL_GetURBState
                0x000000000800ca44       0x26 ./USB_HOST/Target/usbh_conf.o
                0x000000000800ca44                USBH_LL_GetURBState
 .text.USBH_LL_DriverVBUS
                0x000000000800ca6a       0x2e ./USB_HOST/Target/usbh_conf.o
                0x000000000800ca6a                USBH_LL_DriverVBUS
 .text.USBH_LL_SetToggle
                0x000000000800ca98       0x60 ./USB_HOST/Target/usbh_conf.o
                0x000000000800ca98                USBH_LL_SetToggle
 .text.USBH_Delay
                0x000000000800caf8       0x16 ./USB_HOST/Target/usbh_conf.o
                0x000000000800caf8                USBH_Delay
 *fill*         0x000000000800cb0e        0x2 
 .text.USBH_Get_USB_Status
                0x000000000800cb10       0x58 ./USB_HOST/Target/usbh_conf.o
                0x000000000800cb10                USBH_Get_USB_Status
 .text.MX_DriverVbusFS
                0x000000000800cb68       0x38 ./USB_HOST/Target/usbh_platform.o
                0x000000000800cb68                MX_DriverVbusFS
 .text.malloc   0x000000000800cba0       0x10 C:/ST/STM32CubeIDE_1.13.2/STM32CubeIDE/plugins/com.st.stm32cube.ide.mcu.externaltools.gnu-tools-for-stm32.11.3.rel1.win32_1.1.1.202309131626/tools/bin/../lib/gcc/arm-none-eabi/11.3.1/../../../../arm-none-eabi/lib/thumb/v7e-m+fp/hard\libc_nano.a(libc_a-malloc.o)
                0x000000000800cba0                malloc
 .text.free     0x000000000800cbb0       0x10 C:/ST/STM32CubeIDE_1.13.2/STM32CubeIDE/plugins/com.st.stm32cube.ide.mcu.externaltools.gnu-tools-for-stm32.11.3.rel1.win32_1.1.1.202309131626/tools/bin/../lib/gcc/arm-none-eabi/11.3.1/../../../../arm-none-eabi/lib/thumb/v7e-m+fp/hard\libc_nano.a(libc_a-malloc.o)
                0x000000000800cbb0                free
 .text.sbrk_aligned
                0x000000000800cbc0       0x40 C:/ST/STM32CubeIDE_1.13.2/STM32CubeIDE/plugins/com.st.stm32cube.ide.mcu.externaltools.gnu-tools-for-stm32.11.3.rel1.win32_1.1.1.202309131626/tools/bin/../lib/gcc/arm-none-eabi/11.3.1/../../../../arm-none-eabi/lib/thumb/v7e-m+fp/hard\libc_nano.a(libc_a-mallocr.o)
 .text._malloc_r
                0x000000000800cc00      0x100 C:/ST/STM32CubeIDE_1.13.2/STM32CubeIDE/plugins/com.st.stm32cube.ide.mcu.externaltools.gnu-tools-for-stm32.11.3.rel1.win32_1.1.1.202309131626/tools/bin/../lib/gcc/arm-none-eabi/11.3.1/../../../../arm-none-eabi/lib/thumb/v7e-m+fp/hard\libc_nano.a(libc_a-mallocr.o)
                0x000000000800cc00                _malloc_r
 .text.__malloc_lock
                0x000000000800cd00        0xc C:/ST/STM32CubeIDE_1.13.2/STM32CubeIDE/plugins/com.st.stm32cube.ide.mcu.externaltools.gnu-tools-for-stm32.11.3.rel1.win32_1.1.1.202309131626/tools/bin/../lib/gcc/arm-none-eabi/11.3.1/../../../../arm-none-eabi/lib/thumb/v7e-m+fp/hard\libc_nano.a(libc_a-mlock.o)
                0x000000000800cd00                __malloc_lock
 .text.__malloc_unlock
                0x000000000800cd0c        0xc C:/ST/STM32CubeIDE_1.13.2/STM32CubeIDE/plugins/com.st.stm32cube.ide.mcu.externaltools.gnu-tools-for-stm32.11.3.rel1.win32_1.1.1.202309131626/tools/bin/../lib/gcc/arm-none-eabi/11.3.1/../../../../arm-none-eabi/lib/thumb/v7e-m+fp/hard\libc_nano.a(libc_a-mlock.o)
                0x000000000800cd0c                __malloc_unlock
 .text.memset   0x000000000800cd18       0x10 C:/ST/STM32CubeIDE_1.13.2/STM32CubeIDE/plugins/com.st.stm32cube.ide.mcu.externaltools.gnu-tools-for-stm32.11.3.rel1.win32_1.1.1.202309131626/tools/bin/../lib/gcc/arm-none-eabi/11.3.1/../../../../arm-none-eabi/lib/thumb/v7e-m+fp/hard\libc_nano.a(libc_a-memset.o)
                0x000000000800cd18                memset
 .text._reclaim_reent
                0x000000000800cd28       0xac C:/ST/STM32CubeIDE_1.13.2/STM32CubeIDE/plugins/com.st.stm32cube.ide.mcu.externaltools.gnu-tools-for-stm32.11.3.rel1.win32_1.1.1.202309131626/tools/bin/../lib/gcc/arm-none-eabi/11.3.1/../../../../arm-none-eabi/lib/thumb/v7e-m+fp/hard\libc_nano.a(libc_a-reent.o)
                0x000000000800cd28                _reclaim_reent
 .text._sbrk_r  0x000000000800cdd4       0x20 C:/ST/STM32CubeIDE_1.13.2/STM32CubeIDE/plugins/com.st.stm32cube.ide.mcu.externaltools.gnu-tools-for-stm32.11.3.rel1.win32_1.1.1.202309131626/tools/bin/../lib/gcc/arm-none-eabi/11.3.1/../../../../arm-none-eabi/lib/thumb/v7e-m+fp/hard\libc_nano.a(libc_a-sbrkr.o)
                0x000000000800cdd4                _sbrk_r
 .text.__errno  0x000000000800cdf4        0xc C:/ST/STM32CubeIDE_1.13.2/STM32CubeIDE/plugins/com.st.stm32cube.ide.mcu.externaltools.gnu-tools-for-stm32.11.3.rel1.win32_1.1.1.202309131626/tools/bin/../lib/gcc/arm-none-eabi/11.3.1/../../../../arm-none-eabi/lib/thumb/v7e-m+fp/hard\libc_nano.a(libc_a-errno.o)
                0x000000000800cdf4                __errno
 .text.__libc_init_array
                0x000000000800ce00       0x48 C:/ST/STM32CubeIDE_1.13.2/STM32CubeIDE/plugins/com.st.stm32cube.ide.mcu.externaltools.gnu-tools-for-stm32.11.3.rel1.win32_1.1.1.202309131626/tools/bin/../lib/gcc/arm-none-eabi/11.3.1/../../../../arm-none-eabi/lib/thumb/v7e-m+fp/hard\libc_nano.a(libc_a-init.o)
                0x000000000800ce00                __libc_init_array
 .text.__retarget_lock_acquire_recursive
                0x000000000800ce48        0x2 C:/ST/STM32CubeIDE_1.13.2/STM32CubeIDE/plugins/com.st.stm32cube.ide.mcu.externaltools.gnu-tools-for-stm32.11.3.rel1.win32_1.1.1.202309131626/tools/bin/../lib/gcc/arm-none-eabi/11.3.1/../../../../arm-none-eabi/lib/thumb/v7e-m+fp/hard\libc_nano.a(libc_a-lock.o)
                0x000000000800ce48                __retarget_lock_acquire_recursive
 .text.__retarget_lock_release_recursive
                0x000000000800ce4a        0x2 C:/ST/STM32CubeIDE_1.13.2/STM32CubeIDE/plugins/com.st.stm32cube.ide.mcu.externaltools.gnu-tools-for-stm32.11.3.rel1.win32_1.1.1.202309131626/tools/bin/../lib/gcc/arm-none-eabi/11.3.1/../../../../arm-none-eabi/lib/thumb/v7e-m+fp/hard\libc_nano.a(libc_a-lock.o)
                0x000000000800ce4a                __retarget_lock_release_recursive
 .text.memcpy   0x000000000800ce4c       0x1c C:/ST/STM32CubeIDE_1.13.2/STM32CubeIDE/plugins/com.st.stm32cube.ide.mcu.externaltools.gnu-tools-for-stm32.11.3.rel1.win32_1.1.1.202309131626/tools/bin/../lib/gcc/arm-none-eabi/11.3.1/../../../../arm-none-eabi/lib/thumb/v7e-m+fp/hard\libc_nano.a(libc_a-memcpy-stub.o)
                0x000000000800ce4c                memcpy
 .text._free_r  0x000000000800ce68       0x98 C:/ST/STM32CubeIDE_1.13.2/STM32CubeIDE/plugins/com.st.stm32cube.ide.mcu.externaltools.gnu-tools-for-stm32.11.3.rel1.win32_1.1.1.202309131626/tools/bin/../lib/gcc/arm-none-eabi/11.3.1/../../../../arm-none-eabi/lib/thumb/v7e-m+fp/hard\libc_nano.a(libc_a-freer.o)
                0x000000000800ce68                _free_r
 *(.glue_7)
 .glue_7        0x000000000800cf00        0x0 linker stubs
 *(.glue_7t)
 .glue_7t       0x000000000800cf00        0x0 linker stubs
 *(.eh_frame)
 .eh_frame      0x000000000800cf00        0x0 C:/ST/STM32CubeIDE_1.13.2/STM32CubeIDE/plugins/com.st.stm32cube.ide.mcu.externaltools.gnu-tools-for-stm32.11.3.rel1.win32_1.1.1.202309131626/tools/bin/../lib/gcc/arm-none-eabi/11.3.1/thumb/v7e-m+fp/hard/crtbegin.o
 *(.init)
 .init          0x000000000800cf00        0x4 C:/ST/STM32CubeIDE_1.13.2/STM32CubeIDE/plugins/com.st.stm32cube.ide.mcu.externaltools.gnu-tools-for-stm32.11.3.rel1.win32_1.1.1.202309131626/tools/bin/../lib/gcc/arm-none-eabi/11.3.1/thumb/v7e-m+fp/hard/crti.o
                0x000000000800cf00                _init
 .init          0x000000000800cf04        0x8 C:/ST/STM32CubeIDE_1.13.2/STM32CubeIDE/plugins/com.st.stm32cube.ide.mcu.externaltools.gnu-tools-for-stm32.11.3.rel1.win32_1.1.1.202309131626/tools/bin/../lib/gcc/arm-none-eabi/11.3.1/thumb/v7e-m+fp/hard/crtn.o
 *(.fini)
 .fini          0x000000000800cf0c        0x4 C:/ST/STM32CubeIDE_1.13.2/STM32CubeIDE/plugins/com.st.stm32cube.ide.mcu.externaltools.gnu-tools-for-stm32.11.3.rel1.win32_1.1.1.202309131626/tools/bin/../lib/gcc/arm-none-eabi/11.3.1/thumb/v7e-m+fp/hard/crti.o
                0x000000000800cf0c                _fini
 .fini          0x000000000800cf10        0x8 C:/ST/STM32CubeIDE_1.13.2/STM32CubeIDE/plugins/com.st.stm32cube.ide.mcu.externaltools.gnu-tools-for-stm32.11.3.rel1.win32_1.1.1.202309131626/tools/bin/../lib/gcc/arm-none-eabi/11.3.1/thumb/v7e-m+fp/hard/crtn.o
                0x000000000800cf18                . = ALIGN (0x4)
                0x000000000800cf18                _etext = .

.vfp11_veneer   0x000000000800cf18        0x0
 .vfp11_veneer  0x000000000800cf18        0x0 linker stubs

.v4_bx          0x000000000800cf18        0x0
 .v4_bx         0x000000000800cf18        0x0 linker stubs

.iplt           0x000000000800cf18        0x0
 .iplt          0x000000000800cf18        0x0 C:/ST/STM32CubeIDE_1.13.2/STM32CubeIDE/plugins/com.st.stm32cube.ide.mcu.externaltools.gnu-tools-for-stm32.11.3.rel1.win32_1.1.1.202309131626/tools/bin/../lib/gcc/arm-none-eabi/11.3.1/thumb/v7e-m+fp/hard/crtbegin.o

.rodata         0x000000000800cf18     0x20d0
                0x000000000800cf18                . = ALIGN (0x4)
 *(.rodata)
 .rodata        0x000000000800cf18       0x2d ./Core/Src/main.o
 *fill*         0x000000000800cf45        0x3 
 .rodata        0x000000000800cf48        0x4 ./Middlewares/ST/STM32_USB_Host_Library/Class/CDC/Src/usbh_cdc.o
 .rodata        0x000000000800cf4c        0xb ./Middlewares/ST/STM32_USB_Host_Library/Core/Src/usbh_core.o
 *fill*         0x000000000800cf57        0x1 
 .rodata        0x000000000800cf58        0x5 ./Middlewares/Third_Party/FreeRTOS/Source/tasks.o
 *fill*         0x000000000800cf5d        0x3 
 .rodata        0x000000000800cf60        0xd ./Middlewares/Third_Party/FreeRTOS/Source/timers.o
 *(.rodata*)
 *fill*         0x000000000800cf6d        0x3 
 .rodata.IOControl_attributes
                0x000000000800cf70       0x24 ./Core/Src/main.o
                0x000000000800cf70                IOControl_attributes
 .rodata.displayTask_attributes
                0x000000000800cf94       0x24 ./Core/Src/main.o
                0x000000000800cf94                displayTask_attributes
 .rodata.logQueue_attributes
                0x000000000800cfb8       0x18 ./Core/Src/main.o
                0x000000000800cfb8                logQueue_attributes
 .rodata.AHBPrescTable
                0x000000000800cfd0       0x10 ./Core/Src/system_stm32f4xx.o
                0x000000000800cfd0                AHBPrescTable
 .rodata.APBPrescTable
                0x000000000800cfe0        0x8 ./Core/Src/system_stm32f4xx.o
                0x000000000800cfe0                APBPrescTable
 .rodata.console_font_12x16
                0x000000000800cfe8     0x2000 ./Drivers/Display/Src/_mcpr_aufgabe3.o
                0x000000000800cfe8                console_font_12x16
                0x000000000800efe8                . = ALIGN (0x4)

.ARM.extab      0x000000000800efe8        0x0
                0x000000000800efe8                . = ALIGN (0x4)
 *(.ARM.extab* .gnu.linkonce.armextab.*)
                0x000000000800efe8                . = ALIGN (0x4)

.ARM            0x000000000800efe8        0x8
                0x000000000800efe8                . = ALIGN (0x4)
                0x000000000800efe8                __exidx_start = .
 *(.ARM.exidx*)
 .ARM.exidx     0x000000000800efe8        0x8 C:/ST/STM32CubeIDE_1.13.2/STM32CubeIDE/plugins/com.st.stm32cube.ide.mcu.externaltools.gnu-tools-for-stm32.11.3.rel1.win32_1.1.1.202309131626/tools/bin/../lib/gcc/arm-none-eabi/11.3.1/thumb/v7e-m+fp/hard\libgcc.a(_udivmoddi4.o)
                0x000000000800eff0                __exidx_end = .
                0x000000000800eff0                . = ALIGN (0x4)

.rel.dyn        0x000000000800eff0        0x0
 .rel.iplt      0x000000000800eff0        0x0 C:/ST/STM32CubeIDE_1.13.2/STM32CubeIDE/plugins/com.st.stm32cube.ide.mcu.externaltools.gnu-tools-for-stm32.11.3.rel1.win32_1.1.1.202309131626/tools/bin/../lib/gcc/arm-none-eabi/11.3.1/thumb/v7e-m+fp/hard/crtbegin.o

.preinit_array  0x000000000800eff0        0x0
                0x000000000800eff0                . = ALIGN (0x4)
                0x000000000800eff0                PROVIDE (__preinit_array_start = .)
 *(.preinit_array*)
                0x000000000800eff0                PROVIDE (__preinit_array_end = .)
                0x000000000800eff0                . = ALIGN (0x4)

.init_array     0x000000000800eff0        0x4
                0x000000000800eff0                . = ALIGN (0x4)
                0x000000000800eff0                PROVIDE (__init_array_start = .)
 *(SORT_BY_NAME(.init_array.*))
 *(.init_array*)
 .init_array    0x000000000800eff0        0x4 C:/ST/STM32CubeIDE_1.13.2/STM32CubeIDE/plugins/com.st.stm32cube.ide.mcu.externaltools.gnu-tools-for-stm32.11.3.rel1.win32_1.1.1.202309131626/tools/bin/../lib/gcc/arm-none-eabi/11.3.1/thumb/v7e-m+fp/hard/crtbegin.o
                0x000000000800eff4                PROVIDE (__init_array_end = .)
                0x000000000800eff4                . = ALIGN (0x4)

.fini_array     0x000000000800eff4        0x4
                0x000000000800eff4                . = ALIGN (0x4)
                [!provide]                        PROVIDE (__fini_array_start = .)
 *(SORT_BY_NAME(.fini_array.*))
 *(.fini_array*)
 .fini_array    0x000000000800eff4        0x4 C:/ST/STM32CubeIDE_1.13.2/STM32CubeIDE/plugins/com.st.stm32cube.ide.mcu.externaltools.gnu-tools-for-stm32.11.3.rel1.win32_1.1.1.202309131626/tools/bin/../lib/gcc/arm-none-eabi/11.3.1/thumb/v7e-m+fp/hard/crtbegin.o
                [!provide]                        PROVIDE (__fini_array_end = .)
                0x000000000800eff8                . = ALIGN (0x4)
                0x000000000800eff8                _sidata = LOADADDR (.data)

.data           0x0000000020000000       0x80 load address 0x000000000800eff8
                0x0000000020000000                . = ALIGN (0x4)
                0x0000000020000000                _sdata = .
 *(.data)
 *(.data*)
 .data.SystemCoreClock
                0x0000000020000000        0x4 ./Core/Src/system_stm32f4xx.o
                0x0000000020000000                SystemCoreClock
 .data.uwTickPrio
                0x0000000020000004        0x4 ./Drivers/STM32F4xx_HAL_Driver/Src/stm32f4xx_hal.o
                0x0000000020000004                uwTickPrio
 .data.uwTickFreq
                0x0000000020000008        0x1 ./Drivers/STM32F4xx_HAL_Driver/Src/stm32f4xx_hal.o
                0x0000000020000008                uwTickFreq
 *fill*         0x0000000020000009        0x3 
 .data.CDC_Class
                0x000000002000000c       0x20 ./Middlewares/ST/STM32_USB_Host_Library/Class/CDC/Src/usbh_cdc.o
                0x000000002000000c                CDC_Class
 .data.uxCriticalNesting
                0x000000002000002c        0x4 ./Middlewares/Third_Party/FreeRTOS/Source/portable/GCC/ARM_CM4F/port.o
 .data._impure_data
                0x0000000020000030       0x4c C:/ST/STM32CubeIDE_1.13.2/STM32CubeIDE/plugins/com.st.stm32cube.ide.mcu.externaltools.gnu-tools-for-stm32.11.3.rel1.win32_1.1.1.202309131626/tools/bin/../lib/gcc/arm-none-eabi/11.3.1/../../../../arm-none-eabi/lib/thumb/v7e-m+fp/hard\libc_nano.a(libc_a-impure.o)
                0x0000000020000030                _impure_data
 .data._impure_ptr
                0x000000002000007c        0x4 C:/ST/STM32CubeIDE_1.13.2/STM32CubeIDE/plugins/com.st.stm32cube.ide.mcu.externaltools.gnu-tools-for-stm32.11.3.rel1.win32_1.1.1.202309131626/tools/bin/../lib/gcc/arm-none-eabi/11.3.1/../../../../arm-none-eabi/lib/thumb/v7e-m+fp/hard\libc_nano.a(libc_a-impure.o)
                0x000000002000007c                _impure_ptr
 *(.RamFunc)
 *(.RamFunc*)
                0x0000000020000080                . = ALIGN (0x4)
                0x0000000020000080                _edata = .
                0x000000000800f078                _siccmram = LOADADDR (.ccmram)

.igot.plt       0x0000000020000080        0x0 load address 0x000000000800f078
 .igot.plt      0x0000000020000080        0x0 C:/ST/STM32CubeIDE_1.13.2/STM32CubeIDE/plugins/com.st.stm32cube.ide.mcu.externaltools.gnu-tools-for-stm32.11.3.rel1.win32_1.1.1.202309131626/tools/bin/../lib/gcc/arm-none-eabi/11.3.1/thumb/v7e-m+fp/hard/crtbegin.o

.ccmram         0x0000000010000000        0x0 load address 0x000000000800f078
                0x0000000010000000                . = ALIGN (0x4)
                0x0000000010000000                _sccmram = .
 *(.ccmram)
 *(.ccmram*)
                0x0000000010000000                . = ALIGN (0x4)
                0x0000000010000000                _eccmram = .
                0x0000000010000000                . = ALIGN (0x4)

.bss            0x0000000020000080     0x5448
                0x0000000020000080                _sbss = .
                0x0000000020000080                __bss_start__ = _sbss
 *(.bss)
 .bss           0x0000000020000080       0x1c C:/ST/STM32CubeIDE_1.13.2/STM32CubeIDE/plugins/com.st.stm32cube.ide.mcu.externaltools.gnu-tools-for-stm32.11.3.rel1.win32_1.1.1.202309131626/tools/bin/../lib/gcc/arm-none-eabi/11.3.1/thumb/v7e-m+fp/hard/crtbegin.o
 *(.bss*)
 .bss.hi2c1     0x000000002000009c       0x54 ./Core/Src/main.o
                0x000000002000009c                hi2c1
 .bss.hi2s3     0x00000000200000f0       0x48 ./Core/Src/main.o
                0x00000000200000f0                hi2s3
 .bss.hspi1     0x0000000020000138       0x58 ./Core/Src/main.o
                0x0000000020000138                hspi1
 .bss.htim4     0x0000000020000190       0x48 ./Core/Src/main.o
                0x0000000020000190                htim4
 .bss.htim7     0x00000000200001d8       0x48 ./Core/Src/main.o
                0x00000000200001d8                htim7
 .bss.IOControlHandle
                0x0000000020000220        0x4 ./Core/Src/main.o
                0x0000000020000220                IOControlHandle
 .bss.displayTaskHandle
                0x0000000020000224        0x4 ./Core/Src/main.o
                0x0000000020000224                displayTaskHandle
 .bss.logQueueHandle
                0x0000000020000228        0x4 ./Core/Src/main.o
                0x0000000020000228                logQueueHandle
 .bss.ms_counter
                0x000000002000022c        0x4 ./Core/Src/main.o
                0x000000002000022c                ms_counter
 .bss.buttonReleased
                0x0000000020000230        0x1 ./Core/Src/main.o
                0x0000000020000230                buttonReleased
 *fill*         0x0000000020000231        0x3 
 .bss.htim8     0x0000000020000234       0x48 ./Core/Src/stm32f4xx_hal_timebase_tim.o
                0x0000000020000234                htim8
 .bss.__sbrk_heap_end
                0x000000002000027c        0x4 ./Core/Src/sysmem.o
 .bss.resetCnt  0x0000000020000280        0x1 ./Drivers/Display/Src/mcpr_timer.o
 *fill*         0x0000000020000281        0x3 
 .bss.uwTick    0x0000000020000284        0x4 ./Drivers/STM32F4xx_HAL_Driver/Src/stm32f4xx_hal.o
                0x0000000020000284                uwTick
 .bss.USBH_Thread_Atrr
                0x0000000020000288       0x24 ./Middlewares/ST/STM32_USB_Host_Library/Core/Src/usbh_core.o
                0x0000000020000288                USBH_Thread_Atrr
 .bss.KernelState
                0x00000000200002ac        0x4 ./Middlewares/Third_Party/FreeRTOS/Source/CMSIS_RTOS_V2/cmsis_os2.o
 .bss.Idle_TCB.3
                0x00000000200002b0       0xa8 ./Middlewares/Third_Party/FreeRTOS/Source/CMSIS_RTOS_V2/cmsis_os2.o
 .bss.Idle_Stack.2
                0x0000000020000358      0x200 ./Middlewares/Third_Party/FreeRTOS/Source/CMSIS_RTOS_V2/cmsis_os2.o
 .bss.Timer_TCB.1
                0x0000000020000558       0xa8 ./Middlewares/Third_Party/FreeRTOS/Source/CMSIS_RTOS_V2/cmsis_os2.o
 .bss.Timer_Stack.0
                0x0000000020000600      0x400 ./Middlewares/Third_Party/FreeRTOS/Source/CMSIS_RTOS_V2/cmsis_os2.o
 .bss.xQueueRegistry
                0x0000000020000a00       0x40 ./Middlewares/Third_Party/FreeRTOS/Source/queue.o
                0x0000000020000a00                xQueueRegistry
 .bss.pxCurrentTCB
                0x0000000020000a40        0x4 ./Middlewares/Third_Party/FreeRTOS/Source/tasks.o
                0x0000000020000a40                pxCurrentTCB
 .bss.pxReadyTasksLists
                0x0000000020000a44      0x460 ./Middlewares/Third_Party/FreeRTOS/Source/tasks.o
 .bss.xDelayedTaskList1
                0x0000000020000ea4       0x14 ./Middlewares/Third_Party/FreeRTOS/Source/tasks.o
 .bss.xDelayedTaskList2
                0x0000000020000eb8       0x14 ./Middlewares/Third_Party/FreeRTOS/Source/tasks.o
 .bss.pxDelayedTaskList
                0x0000000020000ecc        0x4 ./Middlewares/Third_Party/FreeRTOS/Source/tasks.o
 .bss.pxOverflowDelayedTaskList
                0x0000000020000ed0        0x4 ./Middlewares/Third_Party/FreeRTOS/Source/tasks.o
 .bss.xPendingReadyList
                0x0000000020000ed4       0x14 ./Middlewares/Third_Party/FreeRTOS/Source/tasks.o
 .bss.xTasksWaitingTermination
                0x0000000020000ee8       0x14 ./Middlewares/Third_Party/FreeRTOS/Source/tasks.o
 .bss.uxDeletedTasksWaitingCleanUp
                0x0000000020000efc        0x4 ./Middlewares/Third_Party/FreeRTOS/Source/tasks.o
 .bss.xSuspendedTaskList
                0x0000000020000f00       0x14 ./Middlewares/Third_Party/FreeRTOS/Source/tasks.o
 .bss.uxCurrentNumberOfTasks
                0x0000000020000f14        0x4 ./Middlewares/Third_Party/FreeRTOS/Source/tasks.o
 .bss.xTickCount
                0x0000000020000f18        0x4 ./Middlewares/Third_Party/FreeRTOS/Source/tasks.o
 .bss.uxTopReadyPriority
                0x0000000020000f1c        0x4 ./Middlewares/Third_Party/FreeRTOS/Source/tasks.o
 .bss.xSchedulerRunning
                0x0000000020000f20        0x4 ./Middlewares/Third_Party/FreeRTOS/Source/tasks.o
 .bss.xPendedTicks
                0x0000000020000f24        0x4 ./Middlewares/Third_Party/FreeRTOS/Source/tasks.o
 .bss.xYieldPending
                0x0000000020000f28        0x4 ./Middlewares/Third_Party/FreeRTOS/Source/tasks.o
 .bss.xNumOfOverflows
                0x0000000020000f2c        0x4 ./Middlewares/Third_Party/FreeRTOS/Source/tasks.o
 .bss.uxTaskNumber
                0x0000000020000f30        0x4 ./Middlewares/Third_Party/FreeRTOS/Source/tasks.o
 .bss.xNextTaskUnblockTime
                0x0000000020000f34        0x4 ./Middlewares/Third_Party/FreeRTOS/Source/tasks.o
 .bss.xIdleTaskHandle
                0x0000000020000f38        0x4 ./Middlewares/Third_Party/FreeRTOS/Source/tasks.o
 .bss.uxSchedulerSuspended
                0x0000000020000f3c        0x4 ./Middlewares/Third_Party/FreeRTOS/Source/tasks.o
 .bss.xActiveTimerList1
                0x0000000020000f40       0x14 ./Middlewares/Third_Party/FreeRTOS/Source/timers.o
 .bss.xActiveTimerList2
                0x0000000020000f54       0x14 ./Middlewares/Third_Party/FreeRTOS/Source/timers.o
 .bss.pxCurrentTimerList
                0x0000000020000f68        0x4 ./Middlewares/Third_Party/FreeRTOS/Source/timers.o
 .bss.pxOverflowTimerList
                0x0000000020000f6c        0x4 ./Middlewares/Third_Party/FreeRTOS/Source/timers.o
 .bss.xTimerQueue
                0x0000000020000f70        0x4 ./Middlewares/Third_Party/FreeRTOS/Source/timers.o
 .bss.xTimerTaskHandle
                0x0000000020000f74        0x4 ./Middlewares/Third_Party/FreeRTOS/Source/timers.o
 .bss.xLastTime.2
                0x0000000020000f78        0x4 ./Middlewares/Third_Party/FreeRTOS/Source/timers.o
 .bss.ucStaticTimerQueueStorage.1
                0x0000000020000f7c       0xa0 ./Middlewares/Third_Party/FreeRTOS/Source/timers.o
 .bss.xStaticTimerQueue.0
                0x000000002000101c       0x50 ./Middlewares/Third_Party/FreeRTOS/Source/timers.o
 .bss.ucMaxSysCallPriority
                0x000000002000106c        0x1 ./Middlewares/Third_Party/FreeRTOS/Source/portable/GCC/ARM_CM4F/port.o
 *fill*         0x000000002000106d        0x3 
 .bss.ulMaxPRIGROUPValue
                0x0000000020001070        0x4 ./Middlewares/Third_Party/FreeRTOS/Source/portable/GCC/ARM_CM4F/port.o
 .bss.ucHeap    0x0000000020001074     0x3c00 ./Middlewares/Third_Party/FreeRTOS/Source/portable/MemMang/heap_4.o
 .bss.xStart    0x0000000020004c74        0x8 ./Middlewares/Third_Party/FreeRTOS/Source/portable/MemMang/heap_4.o
 .bss.pxEnd     0x0000000020004c7c        0x4 ./Middlewares/Third_Party/FreeRTOS/Source/portable/MemMang/heap_4.o
 .bss.xFreeBytesRemaining
                0x0000000020004c80        0x4 ./Middlewares/Third_Party/FreeRTOS/Source/portable/MemMang/heap_4.o
 .bss.xMinimumEverFreeBytesRemaining
                0x0000000020004c84        0x4 ./Middlewares/Third_Party/FreeRTOS/Source/portable/MemMang/heap_4.o
 .bss.xNumberOfSuccessfulAllocations
                0x0000000020004c88        0x4 ./Middlewares/Third_Party/FreeRTOS/Source/portable/MemMang/heap_4.o
 .bss.xNumberOfSuccessfulFrees
                0x0000000020004c8c        0x4 ./Middlewares/Third_Party/FreeRTOS/Source/portable/MemMang/heap_4.o
 .bss.xBlockAllocatedBit
                0x0000000020004c90        0x4 ./Middlewares/Third_Party/FreeRTOS/Source/portable/MemMang/heap_4.o
 .bss.hUsbHostFS
                0x0000000020004c94      0x3e4 ./USB_HOST/App/usb_host.o
                0x0000000020004c94                hUsbHostFS
 .bss.Appli_state
                0x0000000020005078        0x1 ./USB_HOST/App/usb_host.o
                0x0000000020005078                Appli_state
 *fill*         0x0000000020005079        0x3 