../Core/Src/main.c:120:5:main	8	static
../Core/Src/main.c:217:6:SystemClock_Config	88	static
../Core/Src/main.c:263:13:MX_I2C1_Init	8	static
../Core/Src/main.c:297:13:MX_I2S3_Init	8	static
../Core/Src/main.c:331:13:MX_SPI1_Init	8	static
../Core/Src/main.c:369:13:MX_TIM4_Init	64	static
../Core/Src/main.c:428:13:MX_TIM7_Init	16	static
../Core/Src/main.c:468:13:MX_GPIO_Init	56	static
../Core/Src/main.c:567:6:IOControlTask	56	static
../Core/Src/main.c:647:6:StartDisplayTask	56	static
../Core/Src/main.c:721:6:HAL_TIM_PeriodElapsedCallback	16	static
../Core/Src/main.c:740:6:Error_Handler	4	static,ignoring_inline_asm
