15:00:53 **** Incremental Build of configuration Debug for project nucleo-test ****
make -j16 all 
arm-none-eabi-gcc "../Core/Src/main.c" -mcpu=cortex-m4 -std=gnu11 -g3 -DDEBUG -DUSE_HAL_DRIVER -DSTM32F413xx -c -I../Core/Inc -I../Drivers/STM32F4xx_HAL_Driver/Inc -I../Drivers/STM32F4xx_HAL_Driver/Inc/Legacy -I../Drivers/CMSIS/Device/ST/STM32F4xx/Include -I../Drivers/CMSIS/Include -I../Middlewares/Third_Party/FreeRTOS/Source/include -I../Middlewares/Third_Party/FreeRTOS/Source/CMSIS_RTOS_V2 -I../Middlewares/Third_Party/FreeRTOS/Source/portable/GCC/ARM_CM4F -O0 -ffunction-sections -fdata-sections -Wall -fstack-usage -fcyclomatic-complexity -MMD -MP -MF"Core/Src/main.d" -MT"Core/Src/main.o" --specs=nano.specs -mfpu=fpv4-sp-d16 -mfloat-abi=hard -mthumb -o "Core/Src/main.o"
arm-none-eabi-gcc -o "nucleo-test.elf" @"objects.list"   -mcpu=cortex-m4 -T"I:\05_Coding\ffi3_intp\STMWorkspace\nucleo-test\STM32F413ZHTX_FLASH.ld" --specs=nosys.specs -Wl,-Map="nucleo-test.map" -Wl,--gc-sections -static --specs=nano.specs -mfpu=fpv4-sp-d16 -mfloat-abi=hard -mthumb -Wl,--start-group -lc -lm -Wl,--end-group
Finished building target: nucleo-test.elf
 
arm-none-eabi-size   nucleo-test.elf 
arm-none-eabi-objdump -h -S  nucleo-test.elf  > "nucleo-test.list"
   text	   data	    bss	    dec	    hex	filename
  27384	     28	  21844	  49256	   c068	nucleo-test.elf
Finished building: default.size.stdout
 
Finished building: nucleo-test.list
 

15:00:54 Build Finished. 0 errors, 0 warnings. (took 798ms)

