15:24:35 **** Incremental Build of configuration Debug for project thi-board ****
make -j8 all 
arm-none-eabi-gcc "../Core/Src/main.c" -mcpu=cortex-m4 -std=gnu11 -g3 -DDEBUG -DUSE_HAL_DRIVER -DSTM32F407xx -c -I../Core/Inc -I"D:/02_IT/01_Coding/THI/ffi3_intp/STMWorkspace/thi-board/Drivers/Display/Inc" -I../USB_HOST/App -I../USB_HOST/Target -I../Drivers/STM32F4xx_HAL_Driver/Inc -I../Drivers/STM32F4xx_HAL_Driver/Inc/Legacy -I../Middlewares/Third_Party/FreeRTOS/Source/include -I../Middlewares/Third_Party/FreeRTOS/Source/CMSIS_RTOS_V2 -I../Middlewares/Third_Party/FreeRTOS/Source/portable/GCC/ARM_CM4F -I../Middlewares/ST/STM32_USB_Host_Library/Core/Inc -I../Middlewares/ST/STM32_USB_Host_Library/Class/CDC/Inc -I../Drivers/CMSIS/Device/ST/STM32F4xx/Include -I../Drivers/CMSIS/Include -O0 -ffunction-sections -fdata-sections -Wall -fstack-usage -fcyclomatic-complexity -MMD -MP -MF"Core/Src/main.d" -MT"Core/Src/main.o" --specs=nano.specs -mfpu=fpv4-sp-d16 -mfloat-abi=hard -mthumb -o "Core/Src/main.o"
arm-none-eabi-gcc -o "thi-board.elf" @"objects.list"   -mcpu=cortex-m4 -T"D:\02_IT\01_Coding\THI\ffi3_intp\STMWorkspace\thi-board\STM32F407VGTX_FLASH.ld" --specs=nosys.specs -Wl,-Map="thi-board.map" -Wl,--gc-sections -static --specs=nano.specs -mfpu=fpv4-sp-d16 -mfloat-abi=hard -mthumb -Wl,--start-group -lc -lm -Wl,--end-group
Finished building target: thi-board.elf
 
arm-none-eabi-size   thi-board.elf 
arm-none-eabi-objdump -h -S  thi-board.elf  > "thi-board.list"
   text	   data	    bss	    dec	    hex	filename
  48220	    140	  22812	  71172	  11604	thi-board.elf
Finished building: default.size.stdout
 
Finished building: thi-board.list
 

15:24:38 Build Finished. 0 errors, 0 warnings. (took 2s.685ms)

