../Drivers/Display/Src/_mcpr_aufgabe3.c:14:6:mcpr_LCD_InitPorts	4	static
../Drivers/Display/Src/_mcpr_aufgabe3.c:46:6:LCD_Output16BitWord	16	static
../Drivers/Display/Src/_mcpr_aufgabe3.c:51:6:mcpr_LCD_Output16BitWord	16	static
../Drivers/Display/Src/_mcpr_aufgabe3.c:66:6:mcpr_LCD_WriteData	16	static
../Drivers/Display/Src/_mcpr_aufgabe3.c:100:6:mcpr_LCD_WriteCommand	16	static
../Drivers/Display/Src/_mcpr_aufgabe3.c:134:6:mcpr_LCD_WriteReg	16	static
../Drivers/Display/Src/_mcpr_aufgabe3.c:140:6:mcpr_LCD_Init	8	static
../Drivers/Display/Src/_mcpr_aufgabe3.c:178:6:mcpr_LCD_SetCursor	16	static
../Drivers/Display/Src/_mcpr_aufgabe3.c:186:6:mcpr_LCD_DrawPixel	16	static
../Drivers/Display/Src/_mcpr_aufgabe3.c:192:6:mcpr_LCD_ClearDisplay	24	static
../Drivers/Display/Src/_mcpr_aufgabe3.c:208:6:mcpr_LCD_WriteLetter	32	static
../Drivers/Display/Src/_mcpr_aufgabe3.c:230:6:mcpr_LCD_WriteString	32	static
